Archive member included to satisfy reference by file (symbol)

f:/programs/eclipse/eclipse-oxygen/plugins/fr.ac6.mcu.externaltools.arm-none.win32_1.17.0.201812190825/tools/compiler/bin/../lib/gcc/arm-none-eabi/7.3.1/thumb/v7e-m/fpv4-sp/hard\libgcc.a(_aeabi_uldivmod.o)
                              Drivers/STM32F4xx_HAL_Driver/Src/stm32f4xx_hal_rcc.o (__aeabi_uldivmod)
f:/programs/eclipse/eclipse-oxygen/plugins/fr.ac6.mcu.externaltools.arm-none.win32_1.17.0.201812190825/tools/compiler/bin/../lib/gcc/arm-none-eabi/7.3.1/thumb/v7e-m/fpv4-sp/hard\libgcc.a(_udivmoddi4.o)
                              f:/programs/eclipse/eclipse-oxygen/plugins/fr.ac6.mcu.externaltools.arm-none.win32_1.17.0.201812190825/tools/compiler/bin/../lib/gcc/arm-none-eabi/7.3.1/thumb/v7e-m/fpv4-sp/hard\libgcc.a(_aeabi_uldivmod.o) (__udivmoddi4)
f:/programs/eclipse/eclipse-oxygen/plugins/fr.ac6.mcu.externaltools.arm-none.win32_1.17.0.201812190825/tools/compiler/bin/../lib/gcc/arm-none-eabi/7.3.1/thumb/v7e-m/fpv4-sp/hard\libgcc.a(_dvmd_tls.o)
                              f:/programs/eclipse/eclipse-oxygen/plugins/fr.ac6.mcu.externaltools.arm-none.win32_1.17.0.201812190825/tools/compiler/bin/../lib/gcc/arm-none-eabi/7.3.1/thumb/v7e-m/fpv4-sp/hard\libgcc.a(_aeabi_uldivmod.o) (__aeabi_ldiv0)
f:/programs/eclipse/eclipse-oxygen/plugins/fr.ac6.mcu.externaltools.arm-none.win32_1.17.0.201812190825/tools/compiler/bin/../lib/gcc/arm-none-eabi/7.3.1/../../../../arm-none-eabi/lib/thumb/v7e-m/fpv4-sp/hard\libc_nano.a(lib_a-exit.o)
                              f:/programs/eclipse/eclipse-oxygen/plugins/fr.ac6.mcu.externaltools.arm-none.win32_1.17.0.201812190825/tools/compiler/bin/../lib/gcc/arm-none-eabi/7.3.1/../../../../arm-none-eabi/lib/thumb/v7e-m/fpv4-sp/hard/crt0.o (exit)
f:/programs/eclipse/eclipse-oxygen/plugins/fr.ac6.mcu.externaltools.arm-none.win32_1.17.0.201812190825/tools/compiler/bin/../lib/gcc/arm-none-eabi/7.3.1/../../../../arm-none-eabi/lib/thumb/v7e-m/fpv4-sp/hard\libc_nano.a(lib_a-impure.o)
                              f:/programs/eclipse/eclipse-oxygen/plugins/fr.ac6.mcu.externaltools.arm-none.win32_1.17.0.201812190825/tools/compiler/bin/../lib/gcc/arm-none-eabi/7.3.1/../../../../arm-none-eabi/lib/thumb/v7e-m/fpv4-sp/hard\libc_nano.a(lib_a-exit.o) (_global_impure_ptr)
f:/programs/eclipse/eclipse-oxygen/plugins/fr.ac6.mcu.externaltools.arm-none.win32_1.17.0.201812190825/tools/compiler/bin/../lib/gcc/arm-none-eabi/7.3.1/../../../../arm-none-eabi/lib/thumb/v7e-m/fpv4-sp/hard\libc_nano.a(lib_a-init.o)
                              f:/programs/eclipse/eclipse-oxygen/plugins/fr.ac6.mcu.externaltools.arm-none.win32_1.17.0.201812190825/tools/compiler/bin/../lib/gcc/arm-none-eabi/7.3.1/../../../../arm-none-eabi/lib/thumb/v7e-m/fpv4-sp/hard/crt0.o (__libc_init_array)
f:/programs/eclipse/eclipse-oxygen/plugins/fr.ac6.mcu.externaltools.arm-none.win32_1.17.0.201812190825/tools/compiler/bin/../lib/gcc/arm-none-eabi/7.3.1/../../../../arm-none-eabi/lib/thumb/v7e-m/fpv4-sp/hard\libc_nano.a(lib_a-memset.o)
                              f:/programs/eclipse/eclipse-oxygen/plugins/fr.ac6.mcu.externaltools.arm-none.win32_1.17.0.201812190825/tools/compiler/bin/../lib/gcc/arm-none-eabi/7.3.1/../../../../arm-none-eabi/lib/thumb/v7e-m/fpv4-sp/hard/crt0.o (memset)
f:/programs/eclipse/eclipse-oxygen/plugins/fr.ac6.mcu.externaltools.arm-none.win32_1.17.0.201812190825/tools/compiler/bin/../lib/gcc/arm-none-eabi/7.3.1/../../../../arm-none-eabi/lib/thumb/v7e-m/fpv4-sp/hard\libnosys.a(_exit.o)
                              f:/programs/eclipse/eclipse-oxygen/plugins/fr.ac6.mcu.externaltools.arm-none.win32_1.17.0.201812190825/tools/compiler/bin/../lib/gcc/arm-none-eabi/7.3.1/../../../../arm-none-eabi/lib/thumb/v7e-m/fpv4-sp/hard\libc_nano.a(lib_a-exit.o) (_exit)

Allocating common symbols
Common symbol       size              file

uwTick              0x4               Drivers/STM32F4xx_HAL_Driver/Src/stm32f4xx_hal.o
pFlash              0x20              Drivers/STM32F4xx_HAL_Driver/Src/stm32f4xx_hal_flash.o
hdac                0x14              Src/main.o
hi2s1               0x48              Src/main.o

Discarded input sections

 .text          0x00000000        0x0 f:/programs/eclipse/eclipse-oxygen/plugins/fr.ac6.mcu.externaltools.arm-none.win32_1.17.0.201812190825/tools/compiler/bin/../lib/gcc/arm-none-eabi/7.3.1/thumb/v7e-m/fpv4-sp/hard/crti.o
 .data          0x00000000        0x0 f:/programs/eclipse/eclipse-oxygen/plugins/fr.ac6.mcu.externaltools.arm-none.win32_1.17.0.201812190825/tools/compiler/bin/../lib/gcc/arm-none-eabi/7.3.1/thumb/v7e-m/fpv4-sp/hard/crti.o
 .bss           0x00000000        0x0 f:/programs/eclipse/eclipse-oxygen/plugins/fr.ac6.mcu.externaltools.arm-none.win32_1.17.0.201812190825/tools/compiler/bin/../lib/gcc/arm-none-eabi/7.3.1/thumb/v7e-m/fpv4-sp/hard/crti.o
[...]
Memory Configuration

Name             Origin             Length             Attributes
RAM              0x20000000         0x00020000         xrw
FLASH            0x08000000         0x00040000         xr
*default*        0x00000000         0xffffffff

Linker script and memory map

LOAD f:/programs/eclipse/eclipse-oxygen/plugins/fr.ac6.mcu.externaltools.arm-none.win32_1.17.0.201812190825/tools/compiler/bin/../lib/gcc/arm-none-eabi/7.3.1/thumb/v7e-m/fpv4-sp/hard/crti.o
LOAD f:/programs/eclipse/eclipse-oxygen/plugins/fr.ac6.mcu.externaltools.arm-none.win32_1.17.0.201812190825/tools/compiler/bin/../lib/gcc/arm-none-eabi/7.3.1/thumb/v7e-m/fpv4-sp/hard/crtbegin.o
LOAD f:/programs/eclipse/eclipse-oxygen/plugins/fr.ac6.mcu.externaltools.arm-none.win32_1.17.0.201812190825/tools/compiler/bin/../lib/gcc/arm-none-eabi/7.3.1/../../../../arm-none-eabi/lib/thumb/v7e-m/fpv4-sp/hard/crt0.o
LOAD Drivers/STM32F4xx_HAL_Driver/Src/stm32f4xx_hal.o
LOAD Drivers/STM32F4xx_HAL_Driver/Src/stm32f4xx_hal_cortex.o
LOAD Drivers/STM32F4xx_HAL_Driver/Src/stm32f4xx_hal_dac.o
LOAD Drivers/STM32F4xx_HAL_Driver/Src/stm32f4xx_hal_dac_ex.o
LOAD Drivers/STM32F4xx_HAL_Driver/Src/stm32f4xx_hal_dma.o
LOAD Drivers/STM32F4xx_HAL_Driver/Src/stm32f4xx_hal_dma_ex.o
LOAD Drivers/STM32F4xx_HAL_Driver/Src/stm32f4xx_hal_flash.o
LOAD Drivers/STM32F4xx_HAL_Driver/Src/stm32f4xx_hal_flash_ex.o
LOAD Drivers/STM32F4xx_HAL_Driver/Src/stm32f4xx_hal_flash_ramfunc.o
LOAD Drivers/STM32F4xx_HAL_Driver/Src/stm32f4xx_hal_gpio.o
LOAD Drivers/STM32F4xx_HAL_Driver/Src/stm32f4xx_hal_i2s.o
LOAD Drivers/STM32F4xx_HAL_Driver/Src/stm32f4xx_hal_i2s_ex.o
LOAD Drivers/STM32F4xx_HAL_Driver/Src/stm32f4xx_hal_pwr.o
LOAD Drivers/STM32F4xx_HAL_Driver/Src/stm32f4xx_hal_pwr_ex.o
LOAD Drivers/STM32F4xx_HAL_Driver/Src/stm32f4xx_hal_rcc.o
LOAD Drivers/STM32F4xx_HAL_Driver/Src/stm32f4xx_hal_rcc_ex.o
LOAD Drivers/STM32F4xx_HAL_Driver/Src/stm32f4xx_hal_tim.o
LOAD Drivers/STM32F4xx_HAL_Driver/Src/stm32f4xx_hal_tim_ex.o
LOAD Src/main.o
LOAD Src/stm32f4xx_hal_msp.o
LOAD Src/stm32f4xx_it.o
LOAD Src/system_stm32f4xx.o
LOAD startup/startup_stm32f446xx.o
LOAD f:/programs/eclipse/eclipse-oxygen/plugins/fr.ac6.mcu.externaltools.arm-none.win32_1.17.0.201812190825/tools/compiler/bin/../lib/gcc/arm-none-eabi/7.3.1/../../../../arm-none-eabi/lib/thumb/v7e-m/fpv4-sp/hard\libm.a
START GROUP
LOAD f:/programs/eclipse/eclipse-oxygen/plugins/fr.ac6.mcu.externaltools.arm-none.win32_1.17.0.201812190825/tools/compiler/bin/../lib/gcc/arm-none-eabi/7.3.1/thumb/v7e-m/fpv4-sp/hard\libgcc.a
LOAD f:/programs/eclipse/eclipse-oxygen/plugins/fr.ac6.mcu.externaltools.arm-none.win32_1.17.0.201812190825/tools/compiler/bin/../lib/gcc/arm-none-eabi/7.3.1/../../../../arm-none-eabi/lib/thumb/v7e-m/fpv4-sp/hard\libc_nano.a
END GROUP
START GROUP
LOAD f:/programs/eclipse/eclipse-oxygen/plugins/fr.ac6.mcu.externaltools.arm-none.win32_1.17.0.201812190825/tools/compiler/bin/../lib/gcc/arm-none-eabi/7.3.1/thumb/v7e-m/fpv4-sp/hard\libgcc.a
LOAD f:/programs/eclipse/eclipse-oxygen/plugins/fr.ac6.mcu.externaltools.arm-none.win32_1.17.0.201812190825/tools/compiler/bin/../lib/gcc/arm-none-eabi/7.3.1/../../../../arm-none-eabi/lib/thumb/v7e-m/fpv4-sp/hard\libc_nano.a
LOAD f:/programs/eclipse/eclipse-oxygen/plugins/fr.ac6.mcu.externaltools.arm-none.win32_1.17.0.201812190825/tools/compiler/bin/../lib/gcc/arm-none-eabi/7.3.1/../../../../arm-none-eabi/lib/thumb/v7e-m/fpv4-sp/hard\libnosys.a
END GROUP
START GROUP
LOAD f:/programs/eclipse/eclipse-oxygen/plugins/fr.ac6.mcu.externaltools.arm-none.win32_1.17.0.201812190825/tools/compiler/bin/../lib/gcc/arm-none-eabi/7.3.1/thumb/v7e-m/fpv4-sp/hard\libgcc.a
LOAD f:/programs/eclipse/eclipse-oxygen/plugins/fr.ac6.mcu.externaltools.arm-none.win32_1.17.0.201812190825/tools/compiler/bin/../lib/gcc/arm-none-eabi/7.3.1/../../../../arm-none-eabi/lib/thumb/v7e-m/fpv4-sp/hard\libc_nano.a
LOAD f:/programs/eclipse/eclipse-oxygen/plugins/fr.ac6.mcu.externaltools.arm-none.win32_1.17.0.201812190825/tools/compiler/bin/../lib/gcc/arm-none-eabi/7.3.1/../../../../arm-none-eabi/lib/thumb/v7e-m/fpv4-sp/hard\libnosys.a
END GROUP
LOAD f:/programs/eclipse/eclipse-oxygen/plugins/fr.ac6.mcu.externaltools.arm-none.win32_1.17.0.201812190825/tools/compiler/bin/../lib/gcc/arm-none-eabi/7.3.1/thumb/v7e-m/fpv4-sp/hard/crtend.o
LOAD f:/programs/eclipse/eclipse-oxygen/plugins/fr.ac6.mcu.externaltools.arm-none.win32_1.17.0.201812190825/tools/compiler/bin/../lib/gcc/arm-none-eabi/7.3.1/thumb/v7e-m/fpv4-sp/hard/crtn.o
                0x20020000                _estack = 0x20020000
                0x00000200                _Min_Heap_Size = 0x200
                0x00000400                _Min_Stack_Size = 0x400

.isr_vector     0x08000000      0x1c4
                0x08000000                . = ALIGN (0x4)
 *(.isr_vector)
 .isr_vector    0x08000000      0x1c4 startup/startup_stm32f446xx.o
                0x08000000                g_pfnVectors
                0x080001c4                . = ALIGN (0x4)

.text           0x080001c4     0x1b18
                0x080001c4                . = ALIGN (0x4)
 *(.text)
 .text          0x080001c4       0x40 f:/programs/eclipse/eclipse-oxygen/plugins/fr.ac6.mcu.externaltools.arm-none.win32_1.17.0.201812190825/tools/compiler/bin/../lib/gcc/arm-none-eabi/7.3.1/thumb/v7e-m/fpv4-sp/hard/crtbegin.o
 .text          0x08000204       0x30 f:/programs/eclipse/eclipse-oxygen/plugins/fr.ac6.mcu.externaltools.arm-none.win32_1.17.0.201812190825/tools/compiler/bin/../lib/gcc/arm-none-eabi/7.3.1/thumb/v7e-m/fpv4-sp/hard\libgcc.a(_aeabi_uldivmod.o)
                0x08000204                __aeabi_uldivmod
 .text          0x08000234      0x2cc f:/programs/eclipse/eclipse-oxygen/plugins/fr.ac6.mcu.externaltools.arm-none.win32_1.17.0.201812190825/tools/compiler/bin/../lib/gcc/arm-none-eabi/7.3.1/thumb/v7e-m/fpv4-sp/hard\libgcc.a(_udivmoddi4.o)
                0x08000234                __udivmoddi4
 .text          0x08000500        0x4 f:/programs/eclipse/eclipse-oxygen/plugins/fr.ac6.mcu.externaltools.arm-none.win32_1.17.0.201812190825/tools/compiler/bin/../lib/gcc/arm-none-eabi/7.3.1/thumb/v7e-m/fpv4-sp/hard\libgcc.a(_dvmd_tls.o)
                0x08000500                __aeabi_idiv0
                0x08000500                __aeabi_ldiv0
 *(.text*)
 .text.HAL_InitTick
                0x08000504       0x48 Drivers/STM32F4xx_HAL_Driver/Src/stm32f4xx_hal.o
                0x08000504                HAL_InitTick
 .text.HAL_Init
                0x0800054c       0x34 Drivers/STM32F4xx_HAL_Driver/Src/stm32f4xx_hal.o
                0x0800054c                HAL_Init
 .text.HAL_IncTick
                0x08000580       0x18 Drivers/STM32F4xx_HAL_Driver/Src/stm32f4xx_hal.o
                0x08000580                HAL_IncTick
 .text.HAL_GetTick
                0x08000598        0xc Drivers/STM32F4xx_HAL_Driver/Src/stm32f4xx_hal.o
                0x08000598                HAL_GetTick
 .text.HAL_NVIC_SetPriorityGrouping
                0x080005a4       0x24 Drivers/STM32F4xx_HAL_Driver/Src/stm32f4xx_hal_cortex.o
                0x080005a4                HAL_NVIC_SetPriorityGrouping
 .text.HAL_NVIC_SetPriority
                0x080005c8       0x68 Drivers/STM32F4xx_HAL_Driver/Src/stm32f4xx_hal_cortex.o
                0x080005c8                HAL_NVIC_SetPriority
 .text.HAL_SYSTICK_Config
                0x08000630       0x2c Drivers/STM32F4xx_HAL_Driver/Src/stm32f4xx_hal_cortex.o
                0x08000630                HAL_SYSTICK_Config
 .text.HAL_DAC_Init
                0x0800065c       0x24 Drivers/STM32F4xx_HAL_Driver/Src/stm32f4xx_hal_dac.o
                0x0800065c                HAL_DAC_Init
 .text.HAL_DAC_ConfigChannel
                0x08000680       0x4a Drivers/STM32F4xx_HAL_Driver/Src/stm32f4xx_hal_dac.o
                0x08000680                HAL_DAC_ConfigChannel
 *fill*         0x080006ca        0x2 
 .text.HAL_GPIO_Init
                0x080006cc      0x1bc Drivers/STM32F4xx_HAL_Driver/Src/stm32f4xx_hal_gpio.o
                0x080006cc                HAL_GPIO_Init
 .text.HAL_GPIO_WritePin
                0x08000888        0xc Drivers/STM32F4xx_HAL_Driver/Src/stm32f4xx_hal_gpio.o
                0x08000888                HAL_GPIO_WritePin
 .text.HAL_I2S_Init
                0x08000894      0x13c Drivers/STM32F4xx_HAL_Driver/Src/stm32f4xx_hal_i2s.o
                0x08000894                HAL_I2S_Init
 .text.HAL_I2S_TxCpltCallback
                0x080009d0        0x2 Drivers/STM32F4xx_HAL_Driver/Src/stm32f4xx_hal_i2s.o
                0x080009d0                HAL_I2S_TxCpltCallback
 .text.I2S_Transmit_IT
                0x080009d2       0x36 Drivers/STM32F4xx_HAL_Driver/Src/stm32f4xx_hal_i2s.o
 .text.HAL_I2S_RxCpltCallback
                0x08000a08        0x2 Drivers/STM32F4xx_HAL_Driver/Src/stm32f4xx_hal_i2s.o
                0x08000a08                HAL_I2S_RxCpltCallback
 .text.I2S_Receive_IT
                0x08000a0a       0x36 Drivers/STM32F4xx_HAL_Driver/Src/stm32f4xx_hal_i2s.o
 .text.HAL_I2S_ErrorCallback
                0x08000a40        0x2 Drivers/STM32F4xx_HAL_Driver/Src/stm32f4xx_hal_i2s.o
                0x08000a40                HAL_I2S_ErrorCallback
 .text.I2S_IRQHandler
                0x08000a42       0xd0 Drivers/STM32F4xx_HAL_Driver/Src/stm32f4xx_hal_i2s.o
 *fill*         0x08000b12        0x2 
 .text.HAL_RCC_ClockConfig
                0x08000b14      0x158 Drivers/STM32F4xx_HAL_Driver/Src/stm32f4xx_hal_rcc.o
                0x08000b14                HAL_RCC_ClockConfig
 .text.HAL_RCCEx_PeriphCLKConfig
                0x08000c6c      0x47c Drivers/STM32F4xx_HAL_Driver/Src/stm32f4xx_hal_rcc_ex.o
                0x08000c6c                HAL_RCCEx_PeriphCLKConfig
 .text.HAL_RCCEx_GetPeriphCLKFreq
                0x080010e8      0x2fc Drivers/STM32F4xx_HAL_Driver/Src/stm32f4xx_hal_rcc_ex.o
                0x080010e8                HAL_RCCEx_GetPeriphCLKFreq
 .text.HAL_RCC_GetSysClockFreq
                0x080013e4      0x124 Drivers/STM32F4xx_HAL_Driver/Src/stm32f4xx_hal_rcc_ex.o
                0x080013e4                HAL_RCC_GetSysClockFreq
 .text.HAL_RCC_OscConfig
                0x08001508      0x3c4 Drivers/STM32F4xx_HAL_Driver/Src/stm32f4xx_hal_rcc_ex.o
                0x08001508                HAL_RCC_OscConfig
 .text.MX_GPIO_Init
                0x080018cc       0x7c Src/main.o
 .text.MX_DAC_Init
                0x08001948       0x30 Src/main.o
 .text.MX_I2S1_Init
                0x08001978       0x38 Src/main.o
 .text.SystemClock_Config
                0x080019b0       0xb4 Src/main.o
                0x080019b0                SystemClock_Config
 .text.main     0x08001a64       0x18 Src/main.o
                0x08001a64                main
 .text.HAL_MspInit
                0x08001a7c       0x38 Src/stm32f4xx_hal_msp.o
                0x08001a7c                HAL_MspInit
 .text.HAL_DAC_MspInit
                0x08001ab4       0x68 Src/stm32f4xx_hal_msp.o
                0x08001ab4                HAL_DAC_MspInit
 .text.HAL_I2S_MspInit
                0x08001b1c       0x98 Src/stm32f4xx_hal_msp.o
                0x08001b1c                HAL_I2S_MspInit
 .text.NMI_Handler
                0x08001bb4        0x2 Src/stm32f4xx_it.o
                0x08001bb4                NMI_Handler
 .text.HardFault_Handler
                0x08001bb6        0x2 Src/stm32f4xx_it.o
                0x08001bb6                HardFault_Handler
 .text.MemManage_Handler
                0x08001bb8        0x2 Src/stm32f4xx_it.o
                0x08001bb8                MemManage_Handler
 .text.BusFault_Handler
                0x08001bba        0x2 Src/stm32f4xx_it.o
                0x08001bba                BusFault_Handler
 .text.UsageFault_Handler
                0x08001bbc        0x2 Src/stm32f4xx_it.o
                0x08001bbc                UsageFault_Handler
 .text.SVC_Handler
                0x08001bbe        0x2 Src/stm32f4xx_it.o
                0x08001bbe                SVC_Handler
 .text.DebugMon_Handler
                0x08001bc0        0x2 Src/stm32f4xx_it.o
                0x08001bc0                DebugMon_Handler
 .text.PendSV_Handler
                0x08001bc2        0x2 Src/stm32f4xx_it.o
                0x08001bc2                PendSV_Handler
 .text.SysTick_Handler
                0x08001bc4        0x8 Src/stm32f4xx_it.o
                0x08001bc4                SysTick_Handler
 .text.SystemInit
                0x08001bcc       0x4c Src/system_stm32f4xx.o
                0x08001bcc                SystemInit
 .text.Reset_Handler
                0x08001c18       0x50 startup/startup_stm32f446xx.o
                0x08001c18                Reset_Handler
 .text.Default_Handler
                0x08001c68        0x2 startup/startup_stm32f446xx.o
                0x08001c68                RTC_Alarm_IRQHandler
                0x08001c68                EXTI2_IRQHandler
                0x08001c68                TIM8_CC_IRQHandler
                0x08001c68                FMPI2C1_EV_IRQHandler
                0x08001c68                SPI4_IRQHandler
                0x08001c68                TIM1_CC_IRQHandler
                0x08001c68                DMA2_Stream5_IRQHandler
                0x08001c68                DMA1_Stream5_IRQHandler
                0x08001c68                PVD_IRQHandler
                0x08001c68                SDIO_IRQHandler
                0x08001c68                TAMP_STAMP_IRQHandler
                0x08001c68                CAN2_RX1_IRQHandler
                0x08001c68                EXTI3_IRQHandler
                0x08001c68                TIM8_TRG_COM_TIM14_IRQHandler
                0x08001c68                TIM1_UP_TIM10_IRQHandler
                0x08001c68                TIM8_UP_TIM13_IRQHandler
                0x08001c68                I2C3_ER_IRQHandler
                0x08001c68                EXTI0_IRQHandler
                0x08001c68                I2C2_EV_IRQHandler
                0x08001c68                DMA1_Stream2_IRQHandler
                0x08001c68                CAN1_RX0_IRQHandler
                0x08001c68                FPU_IRQHandler
                0x08001c68                OTG_HS_WKUP_IRQHandler
                0x08001c68                CAN2_SCE_IRQHandler
                0x08001c68                DMA2_Stream2_IRQHandler
                0x08001c68                SPI1_IRQHandler
                0x08001c68                TIM6_DAC_IRQHandler
                0x08001c68                TIM1_BRK_TIM9_IRQHandler
                0x08001c68                DCMI_IRQHandler
                0x08001c68                CAN2_RX0_IRQHandler
                0x08001c68                DMA2_Stream3_IRQHandler
                0x08001c68                SAI2_IRQHandler
                0x08001c68                USART6_IRQHandler
                0x08001c68                USART3_IRQHandler
                0x08001c68                CAN1_RX1_IRQHandler
                0x08001c68                UART5_IRQHandler
                0x08001c68                DMA2_Stream0_IRQHandler
                0x08001c68                TIM4_IRQHandler
                0x08001c68                QUADSPI_IRQHandler
                0x08001c68                I2C1_EV_IRQHandler
                0x08001c68                DMA1_Stream6_IRQHandler
                0x08001c68                DMA1_Stream1_IRQHandler
                0x08001c68                UART4_IRQHandler
                0x08001c68                TIM3_IRQHandler
                0x08001c68                RCC_IRQHandler
                0x08001c68                TIM8_BRK_TIM12_IRQHandler
                0x08001c68                Default_Handler
                0x08001c68                CEC_IRQHandler
                0x08001c68                EXTI15_10_IRQHandler
                0x08001c68                ADC_IRQHandler
                0x08001c68                DMA1_Stream7_IRQHandler
                0x08001c68                TIM7_IRQHandler
                0x08001c68                CAN2_TX_IRQHandler
                0x08001c68                TIM5_IRQHandler
                0x08001c68                DMA2_Stream7_IRQHandler
                0x08001c68                I2C3_EV_IRQHandler
                0x08001c68                EXTI9_5_IRQHandler
                0x08001c68                RTC_WKUP_IRQHandler
                0x08001c68                SPDIF_RX_IRQHandler
                0x08001c68                SPI2_IRQHandler
                0x08001c68                OTG_HS_EP1_IN_IRQHandler
                0x08001c68                DMA1_Stream0_IRQHandler
                0x08001c68                CAN1_TX_IRQHandler
                0x08001c68                FMPI2C1_ER_IRQHandler
                0x08001c68                EXTI4_IRQHandler
                0x08001c68                OTG_HS_EP1_OUT_IRQHandler
                0x08001c68                WWDG_IRQHandler
                0x08001c68                TIM2_IRQHandler
                0x08001c68                OTG_FS_WKUP_IRQHandler
                0x08001c68                TIM1_TRG_COM_TIM11_IRQHandler
                0x08001c68                OTG_HS_IRQHandler
                0x08001c68                EXTI1_IRQHandler
                0x08001c68                USART2_IRQHandler
                0x08001c68                I2C2_ER_IRQHandler
                0x08001c68                DMA2_Stream1_IRQHandler
                0x08001c68                CAN1_SCE_IRQHandler
                0x08001c68                FLASH_IRQHandler
                0x08001c68                DMA2_Stream4_IRQHandler
                0x08001c68                USART1_IRQHandler
                0x08001c68                OTG_FS_IRQHandler
                0x08001c68                SPI3_IRQHandler
                0x08001c68                DMA1_Stream4_IRQHandler
                0x08001c68                I2C1_ER_IRQHandler
                0x08001c68                FMC_IRQHandler
                0x08001c68                DMA2_Stream6_IRQHandler
                0x08001c68                SAI1_IRQHandler
                0x08001c68                DMA1_Stream3_IRQHandler
 *fill*         0x08001c6a        0x2 
 .text.__libc_init_array
                0x08001c6c       0x48 f:/programs/eclipse/eclipse-oxygen/plugins/fr.ac6.mcu.externaltools.arm-none.win32_1.17.0.201812190825/tools/compiler/bin/../lib/gcc/arm-none-eabi/7.3.1/../../../../arm-none-eabi/lib/thumb/v7e-m/fpv4-sp/hard\libc_nano.a(lib_a-init.o)
                0x08001c6c                __libc_init_array
 .text.memset   0x08001cb4       0x10 f:/programs/eclipse/eclipse-oxygen/plugins/fr.ac6.mcu.externaltools.arm-none.win32_1.17.0.201812190825/tools/compiler/bin/../lib/gcc/arm-none-eabi/7.3.1/../../../../arm-none-eabi/lib/thumb/v7e-m/fpv4-sp/hard\libc_nano.a(lib_a-memset.o)
                0x08001cb4                memset
 *(.glue_7)
 .glue_7        0x08001cc4        0x0 linker stubs
 *(.glue_7t)
 .glue_7t       0x08001cc4        0x0 linker stubs
 *(.eh_frame)
 .eh_frame      0x08001cc4        0x0 f:/programs/eclipse/eclipse-oxygen/plugins/fr.ac6.mcu.externaltools.arm-none.win32_1.17.0.201812190825/tools/compiler/bin/../lib/gcc/arm-none-eabi/7.3.1/thumb/v7e-m/fpv4-sp/hard/crtbegin.o
 *(.init)
 .init          0x08001cc4        0x4 f:/programs/eclipse/eclipse-oxygen/plugins/fr.ac6.mcu.externaltools.arm-none.win32_1.17.0.201812190825/tools/compiler/bin/../lib/gcc/arm-none-eabi/7.3.1/thumb/v7e-m/fpv4-sp/hard/crti.o
                0x08001cc4                _init
 .init          0x08001cc8        0x8 f:/programs/eclipse/eclipse-oxygen/plugins/fr.ac6.mcu.externaltools.arm-none.win32_1.17.0.201812190825/tools/compiler/bin/../lib/gcc/arm-none-eabi/7.3.1/thumb/v7e-m/fpv4-sp/hard/crtn.o
 *(.fini)
 .fini          0x08001cd0        0x4 f:/programs/eclipse/eclipse-oxygen/plugins/fr.ac6.mcu.externaltools.arm-none.win32_1.17.0.201812190825/tools/compiler/bin/../lib/gcc/arm-none-eabi/7.3.1/thumb/v7e-m/fpv4-sp/hard/crti.o
                0x08001cd0                _fini
 .fini          0x08001cd4        0x8 f:/programs/eclipse/eclipse-oxygen/plugins/fr.ac6.mcu.externaltools.arm-none.win32_1.17.0.201812190825/tools/compiler/bin/../lib/gcc/arm-none-eabi/7.3.1/thumb/v7e-m/fpv4-sp/hard/crtn.o
                0x08001cdc                . = ALIGN (0x4)
                0x08001cdc                _etext = .

.vfp11_veneer   0x08001cdc        0x0
 .vfp11_veneer  0x08001cdc        0x0 linker stubs

.v4_bx          0x08001cdc        0x0
 .v4_bx         0x08001cdc        0x0 linker stubs

.iplt           0x08001cdc        0x0
 .iplt          0x08001cdc        0x0 f:/programs/eclipse/eclipse-oxygen/plugins/fr.ac6.mcu.externaltools.arm-none.win32_1.17.0.201812190825/tools/compiler/bin/../lib/gcc/arm-none-eabi/7.3.1/thumb/v7e-m/fpv4-sp/hard/crtbegin.o

.rodata         0x08001cdc       0x18
                0x08001cdc                . = ALIGN (0x4)
 *(.rodata)
 .rodata        0x08001cdc       0x18 Src/system_stm32f4xx.o
                0x08001cdc                AHBPrescTable
                0x08001cec                APBPrescTable
 *(.rodata*)
                0x08001cf4                . = ALIGN (0x4)

.ARM.extab
 *(.ARM.extab* .gnu.linkonce.armextab.*)

.ARM            0x08001cf4        0x8
                0x08001cf4                __exidx_start = .
 *(.ARM.exidx*)
 .ARM.exidx     0x08001cf4        0x8 f:/programs/eclipse/eclipse-oxygen/plugins/fr.ac6.mcu.externaltools.arm-none.win32_1.17.0.201812190825/tools/compiler/bin/../lib/gcc/arm-none-eabi/7.3.1/thumb/v7e-m/fpv4-sp/hard\libgcc.a(_udivmoddi4.o)
                0x08001cfc                __exidx_end = .

.rel.dyn        0x08001cfc        0x0
 .rel.iplt      0x08001cfc        0x0 f:/programs/eclipse/eclipse-oxygen/plugins/fr.ac6.mcu.externaltools.arm-none.win32_1.17.0.201812190825/tools/compiler/bin/../lib/gcc/arm-none-eabi/7.3.1/thumb/v7e-m/fpv4-sp/hard/crtbegin.o

.preinit_array  0x08001cfc        0x0
                0x08001cfc                PROVIDE (__preinit_array_start = .)
 *(.preinit_array*)
                0x08001cfc                PROVIDE (__preinit_array_end = .)

.init_array     0x08001cfc        0x4
                0x08001cfc                PROVIDE (__init_array_start = .)
 *(SORT_BY_NAME(.init_array.*))
 *(.init_array*)
 .init_array    0x08001cfc        0x4 f:/programs/eclipse/eclipse-oxygen/plugins/fr.ac6.mcu.externaltools.arm-none.win32_1.17.0.201812190825/tools/compiler/bin/../lib/gcc/arm-none-eabi/7.3.1/thumb/v7e-m/fpv4-sp/hard/crtbegin.o
                0x08001d00                PROVIDE (__init_array_end = .)

.fini_array     0x08001d00        0x4
                [!provide]                PROVIDE (__fini_array_start = .)
 *(SORT_BY_NAME(.fini_array.*))
 *(.fini_array*)
 .fini_array    0x08001d00        0x4 f:/programs/eclipse/eclipse-oxygen/plugins/fr.ac6.mcu.externaltools.arm-none.win32_1.17.0.201812190825/tools/compiler/bin/../lib/gcc/arm-none-eabi/7.3.1/thumb/v7e-m/fpv4-sp/hard/crtbegin.o
                [!provide]                PROVIDE (__fini_array_end = .)
                0x08001d04                _sidata = LOADADDR (.data)

.data           0x20000000        0xc load address 0x08001d04
                0x20000000                . = ALIGN (0x4)
                0x20000000                _sdata = .
 *(.data)
 .data          0x20000000        0x8 Drivers/STM32F4xx_HAL_Driver/Src/stm32f4xx_hal.o
                0x20000000                uwTickFreq
                0x20000004                uwTickPrio
 .data          0x20000008        0x4 Src/system_stm32f4xx.o
                0x20000008                SystemCoreClock
 *(.data*)
                0x2000000c                . = ALIGN (0x4)
                0x2000000c                _edata = .

.igot.plt       0x2000000c        0x0 load address 0x08001d10
 .igot.plt      0x2000000c        0x0 f:/programs/eclipse/eclipse-oxygen/plugins/fr.ac6.mcu.externaltools.arm-none.win32_1.17.0.201812190825/tools/compiler/bin/../lib/gcc/arm-none-eabi/7.3.1/thumb/v7e-m/fpv4-sp/hard/crtbegin.o
                0x2000000c                . = ALIGN (0x4)

.bss            0x2000000c       0x7c load address 0x08001d10
                0x2000000c                _sbss = .
                0x2000000c                __bss_start__ = _sbss
 *(.bss)
 .bss           0x2000000c       0x1c f:/programs/eclipse/eclipse-oxygen/plugins/fr.ac6.mcu.externaltools.arm-none.win32_1.17.0.201812190825/tools/compiler/bin/../lib/gcc/arm-none-eabi/7.3.1/thumb/v7e-m/fpv4-sp/hard/crtbegin.o
 *(.bss*)
 *(COMMON)
 COMMON         0x20000028        0x4 Drivers/STM32F4xx_HAL_Driver/Src/stm32f4xx_hal.o
                0x20000028                uwTick
 COMMON         0x2000002c       0x5c Src/main.o
                0x2000002c                hdac
                0x20000040                hi2s1
                0x20000088                . = ALIGN (0x4)
                0x20000088                _ebss = .
                0x20000088                __bss_end__ = _ebss

._user_heap_stack
                0x20000088      0x600 load address 0x08001d10
                0x20000088                . = ALIGN (0x8)
                [!provide]                PROVIDE (end = .)
                [!provide]                PROVIDE (_end = .)
                0x20000288                . = (. + _Min_Heap_Size)
 *fill*         0x20000088      0x200 
                0x20000688                . = (. + _Min_Stack_Size)
 *fill*         0x20000288      0x400 
                0x20000688                . = ALIGN (0x8)

/DISCARD/
 libc.a(*)
 libm.a(*)
 libgcc.a(*)

.ARM.attributes
                0x00000000       0x30
 *(.ARM.attributes)
 .ARM.attributes
                0x00000000       0x22 f:/programs/eclipse/eclipse-oxygen/plugins/fr.ac6.mcu.externaltools.arm-none.win32_1.17.0.201812190825/tools/compiler/bin/../lib/gcc/arm-none-eabi/7.3.1/thumb/v7e-m/fpv4-sp/hard/crti.o
 .ARM.attributes
                0x00000022       0x34 f:/programs/eclipse/eclipse-oxygen/plugins/fr.ac6.mcu.externaltools.arm-none.win32_1.17.0.201812190825/tools/compiler/bin/../lib/gcc/arm-none-eabi/7.3.1/thumb/v7e-m/fpv4-sp/hard/crtbegin.o
 .ARM.attributes
                0x00000056       0x39 Drivers/STM32F4xx_HAL_Driver/Src/stm32f4xx_hal.o
 .ARM.attributes
                0x0000008f       0x39 Drivers/STM32F4xx_HAL_Driver/Src/stm32f4xx_hal_cortex.o
 .ARM.attributes
                0x000000c8       0x39 Drivers/STM32F4xx_HAL_Driver/Src/stm32f4xx_hal_dac.o
 .ARM.attributes
                0x00000101       0x39 Drivers/STM32F4xx_HAL_Driver/Src/stm32f4xx_hal_gpio.o
 .ARM.attributes
                0x0000013a       0x39 Drivers/STM32F4xx_HAL_Driver/Src/stm32f4xx_hal_i2s.o
 .ARM.attributes
                0x00000173       0x39 Drivers/STM32F4xx_HAL_Driver/Src/stm32f4xx_hal_rcc.o
 .ARM.attributes
                0x000001ac       0x39 Drivers/STM32F4xx_HAL_Driver/Src/stm32f4xx_hal_rcc_ex.o
 .ARM.attributes
                0x000001e5       0x39 Src/main.o
 .ARM.attributes
                0x0000021e       0x39 Src/stm32f4xx_hal_msp.o
 .ARM.attributes
                0x00000257       0x39 Src/stm32f4xx_it.o
 .ARM.attributes
                0x00000290       0x39 Src/system_stm32f4xx.o
 .ARM.attributes
                0x000002c9       0x21 startup/startup_stm32f446xx.o
 .ARM.attributes
                0x000002ea       0x22 f:/programs/eclipse/eclipse-oxygen/plugins/fr.ac6.mcu.externaltools.arm-none.win32_1.17.0.201812190825/tools/compiler/bin/../lib/gcc/arm-none-eabi/7.3.1/thumb/v7e-m/fpv4-sp/hard\libgcc.a(_aeabi_uldivmod.o)
 .ARM.attributes
                0x0000030c       0x34 f:/programs/eclipse/eclipse-oxygen/plugins/fr.ac6.mcu.externaltools.arm-none.win32_1.17.0.201812190825/tools/compiler/bin/../lib/gcc/arm-none-eabi/7.3.1/thumb/v7e-m/fpv4-sp/hard\libgcc.a(_udivmoddi4.o)
 .ARM.attributes
                0x00000340       0x22 f:/programs/eclipse/eclipse-oxygen/plugins/fr.ac6.mcu.externaltools.arm-none.win32_1.17.0.201812190825/tools/compiler/bin/../lib/gcc/arm-none-eabi/7.3.1/thumb/v7e-m/fpv4-sp/hard\libgcc.a(_dvmd_tls.o)
 .ARM.attributes
                0x00000362       0x34 f:/programs/eclipse/eclipse-oxygen/plugins/fr.ac6.mcu.externaltools.arm-none.win32_1.17.0.201812190825/tools/compiler/bin/../lib/gcc/arm-none-eabi/7.3.1/../../../../arm-none-eabi/lib/thumb/v7e-m/fpv4-sp/hard\libc_nano.a(lib_a-init.o)
 .ARM.attributes
                0x00000396       0x34 f:/programs/eclipse/eclipse-oxygen/plugins/fr.ac6.mcu.externaltools.arm-none.win32_1.17.0.201812190825/tools/compiler/bin/../lib/gcc/arm-none-eabi/7.3.1/../../../../arm-none-eabi/lib/thumb/v7e-m/fpv4-sp/hard\libc_nano.a(lib_a-memset.o)
 .ARM.attributes
                0x000003ca       0x22 f:/programs/eclipse/eclipse-oxygen/plugins/fr.ac6.mcu.externaltools.arm-none.win32_1.17.0.201812190825/tools/compiler/bin/../lib/gcc/arm-none-eabi/7.3.1/thumb/v7e-m/fpv4-sp/hard/crtn.o
OUTPUT(test4_iscDAC.elf elf32-littlearm)

.debug_info     0x00000000     0x7599
 .debug_info    0x00000000      0xa1e Drivers/STM32F4xx_HAL_Driver/Src/stm32f4xx_hal.o
 .debug_info    0x00000a1e      0xf58 Drivers/STM32F4xx_HAL_Driver/Src/stm32f4xx_hal_cortex.o
 .debug_info    0x00001976      0xad5 Drivers/STM32F4xx_HAL_Driver/Src/stm32f4xx_hal_dac.o
 .debug_info    0x0000244b      0x7be Drivers/STM32F4xx_HAL_Driver/Src/stm32f4xx_hal_gpio.o
 .debug_info    0x00002c09      0xf90 Drivers/STM32F4xx_HAL_Driver/Src/stm32f4xx_hal_i2s.o
 .debug_info    0x00003b99      0xa79 Drivers/STM32F4xx_HAL_Driver/Src/stm32f4xx_hal_rcc.o
 .debug_info    0x00004612      0xbe8 Drivers/STM32F4xx_HAL_Driver/Src/stm32f4xx_hal_rcc_ex.o
 .debug_info    0x000051fa     0x103a Src/main.o
 .debug_info    0x00006234      0xc3c Src/stm32f4xx_hal_msp.o
 .debug_info    0x00006e70      0x1cc Src/stm32f4xx_it.o
 .debug_info    0x0000703c      0x53b Src/system_stm32f4xx.o
 .debug_info    0x00007577       0x22 startup/startup_stm32f446xx.o

.debug_abbrev   0x00000000     0x15b3
 .debug_abbrev  0x00000000      0x1f1 Drivers/STM32F4xx_HAL_Driver/Src/stm32f4xx_hal.o
 .debug_abbrev  0x000001f1      0x328 Drivers/STM32F4xx_HAL_Driver/Src/stm32f4xx_hal_cortex.o
 .debug_abbrev  0x00000519      0x203 Drivers/STM32F4xx_HAL_Driver/Src/stm32f4xx_hal_dac.o
 .debug_abbrev  0x0000071c      0x1e7 Drivers/STM32F4xx_HAL_Driver/Src/stm32f4xx_hal_gpio.o
 .debug_abbrev  0x00000903      0x23a Drivers/STM32F4xx_HAL_Driver/Src/stm32f4xx_hal_i2s.o
 .debug_abbrev  0x00000b3d      0x273 Drivers/STM32F4xx_HAL_Driver/Src/stm32f4xx_hal_rcc.o
 .debug_abbrev  0x00000db0      0x229 Drivers/STM32F4xx_HAL_Driver/Src/stm32f4xx_hal_rcc_ex.o
 .debug_abbrev  0x00000fd9      0x244 Src/main.o
 .debug_abbrev  0x0000121d      0x1a9 Src/stm32f4xx_hal_msp.o
 .debug_abbrev  0x000013c6       0xca Src/stm32f4xx_it.o
 .debug_abbrev  0x00001490      0x111 Src/system_stm32f4xx.o
 .debug_abbrev  0x000015a1       0x12 startup/startup_stm32f446xx.o

.debug_loc      0x00000000     0x301b
 .debug_loc     0x00000000       0xfd Drivers/STM32F4xx_HAL_Driver/Src/stm32f4xx_hal.o
 .debug_loc     0x000000fd      0x5ce Drivers/STM32F4xx_HAL_Driver/Src/stm32f4xx_hal_cortex.o
 .debug_loc     0x000006cb      0x756 Drivers/STM32F4xx_HAL_Driver/Src/stm32f4xx_hal_dac.o
 .debug_loc     0x00000e21      0x497 Drivers/STM32F4xx_HAL_Driver/Src/stm32f4xx_hal_gpio.o
 .debug_loc     0x000012b8      0xbee Drivers/STM32F4xx_HAL_Driver/Src/stm32f4xx_hal_i2s.o
 .debug_loc     0x00001ea6      0x3f1 Drivers/STM32F4xx_HAL_Driver/Src/stm32f4xx_hal_rcc.o
 .debug_loc     0x00002297      0xb5e Drivers/STM32F4xx_HAL_Driver/Src/stm32f4xx_hal_rcc_ex.o
 .debug_loc     0x00002df5       0xe8 Src/stm32f4xx_hal_msp.o
 .debug_loc     0x00002edd      0x13e Src/system_stm32f4xx.o

.debug_aranges  0x00000000      0x5f0
 .debug_aranges
                0x00000000       0xf0 Drivers/STM32F4xx_HAL_Driver/Src/stm32f4xx_hal.o
 .debug_aranges
                0x000000f0       0xa8 Drivers/STM32F4xx_HAL_Driver/Src/stm32f4xx_hal_cortex.o
 .debug_aranges
                0x00000198       0xc0 Drivers/STM32F4xx_HAL_Driver/Src/stm32f4xx_hal_dac.o
 .debug_aranges
                0x00000258       0x58 Drivers/STM32F4xx_HAL_Driver/Src/stm32f4xx_hal_gpio.o
 .debug_aranges
                0x000002b0      0x108 Drivers/STM32F4xx_HAL_Driver/Src/stm32f4xx_hal_i2s.o
 .debug_aranges
                0x000003b8       0x88 Drivers/STM32F4xx_HAL_Driver/Src/stm32f4xx_hal_rcc.o
 .debug_aranges
                0x00000440       0x78 Drivers/STM32F4xx_HAL_Driver/Src/stm32f4xx_hal_rcc_ex.o
 .debug_aranges
                0x000004b8       0x48 Src/main.o
 .debug_aranges
                0x00000500       0x40 Src/stm32f4xx_hal_msp.o
 .debug_aranges
                0x00000540       0x60 Src/stm32f4xx_it.o
 .debug_aranges
                0x000005a0       0x28 Src/system_stm32f4xx.o
 .debug_aranges
                0x000005c8       0x28 startup/startup_stm32f446xx.o

.debug_ranges   0x00000000      0x5c8
 .debug_ranges  0x00000000       0xe0 Drivers/STM32F4xx_HAL_Driver/Src/stm32f4xx_hal.o
 .debug_ranges  0x000000e0       0xf8 Drivers/STM32F4xx_HAL_Driver/Src/stm32f4xx_hal_cortex.o
 .debug_ranges  0x000001d8       0xb0 Drivers/STM32F4xx_HAL_Driver/Src/stm32f4xx_hal_dac.o
 .debug_ranges  0x00000288       0x48 Drivers/STM32F4xx_HAL_Driver/Src/stm32f4xx_hal_gpio.o
 .debug_ranges  0x000002d0       0xf8 Drivers/STM32F4xx_HAL_Driver/Src/stm32f4xx_hal_i2s.o
 .debug_ranges  0x000003c8       0x90 Drivers/STM32F4xx_HAL_Driver/Src/stm32f4xx_hal_rcc.o
 .debug_ranges  0x00000458       0x80 Drivers/STM32F4xx_HAL_Driver/Src/stm32f4xx_hal_rcc_ex.o
 .debug_ranges  0x000004d8       0x38 Src/main.o
 .debug_ranges  0x00000510       0x30 Src/stm32f4xx_hal_msp.o
 .debug_ranges  0x00000540       0x50 Src/stm32f4xx_it.o
 .debug_ranges  0x00000590       0x18 Src/system_stm32f4xx.o
 .debug_ranges  0x000005a8       0x20 startup/startup_stm32f446xx.o

.debug_macro    0x00000000    0x20118
 .debug_macro   0x00000000      0x239 Drivers/STM32F4xx_HAL_Driver/Src/stm32f4xx_hal.o
 .debug_macro   0x00000239      0xa60 Drivers/STM32F4xx_HAL_Driver/Src/stm32f4xx_hal.o
 .debug_macro   0x00000c99      0x186 Drivers/STM32F4xx_HAL_Driver/Src/stm32f4xx_hal.o
 .debug_macro   0x00000e1f       0x32 Drivers/STM32F4xx_HAL_Driver/Src/stm32f4xx_hal.o
 .debug_macro   0x00000e51       0x28 Drivers/STM32F4xx_HAL_Driver/Src/stm32f4xx_hal.o
 .debug_macro   0x00000e79       0x22 Drivers/STM32F4xx_HAL_Driver/Src/stm32f4xx_hal.o
 .debug_macro   0x00000e9b       0x8e Drivers/STM32F4xx_HAL_Driver/Src/stm32f4xx_hal.o
 .debug_macro   0x00000f29       0x51 Drivers/STM32F4xx_HAL_Driver/Src/stm32f4xx_hal.o
 .debug_macro   0x00000f7a       0xef Drivers/STM32F4xx_HAL_Driver/Src/stm32f4xx_hal.o
 .debug_macro   0x00001069       0x6a Drivers/STM32F4xx_HAL_Driver/Src/stm32f4xx_hal.o
 .debug_macro   0x000010d3      0x1df Drivers/STM32F4xx_HAL_Driver/Src/stm32f4xx_hal.o
 .debug_macro   0x000012b2       0x1c Drivers/STM32F4xx_HAL_Driver/Src/stm32f4xx_hal.o
 .debug_macro   0x000012ce       0x22 Drivers/STM32F4xx_HAL_Driver/Src/stm32f4xx_hal.o
 .debug_macro   0x000012f0       0xdf Drivers/STM32F4xx_HAL_Driver/Src/stm32f4xx_hal.o
 .debug_macro   0x000013cf     0x102d Drivers/STM32F4xx_HAL_Driver/Src/stm32f4xx_hal.o
 .debug_macro   0x000023fc      0x11f Drivers/STM32F4xx_HAL_Driver/Src/stm32f4xx_hal.o
 .debug_macro   0x0000251b    0x16734 Drivers/STM32F4xx_HAL_Driver/Src/stm32f4xx_hal.o
 .debug_macro   0x00018c4f       0x43 Drivers/STM32F4xx_HAL_Driver/Src/stm32f4xx_hal.o
 .debug_macro   0x00018c92     0x35d4 Drivers/STM32F4xx_HAL_Driver/Src/stm32f4xx_hal.o
 .debug_macro   0x0001c266      0x174 Drivers/STM32F4xx_HAL_Driver/Src/stm32f4xx_hal.o
 .debug_macro   0x0001c3da       0x4e Drivers/STM32F4xx_HAL_Driver/Src/stm32f4xx_hal.o
 .debug_macro   0x0001c428      0xc90 Drivers/STM32F4xx_HAL_Driver/Src/stm32f4xx_hal.o
 .debug_macro   0x0001d0b8      0x9fe Drivers/STM32F4xx_HAL_Driver/Src/stm32f4xx_hal.o
 .debug_macro   0x0001dab6      0x117 Drivers/STM32F4xx_HAL_Driver/Src/stm32f4xx_hal.o
 .debug_macro   0x0001dbcd      0x1a0 Drivers/STM32F4xx_HAL_Driver/Src/stm32f4xx_hal.o
 .debug_macro   0x0001dd6d       0x27 Drivers/STM32F4xx_HAL_Driver/Src/stm32f4xx_hal.o
 .debug_macro   0x0001dd94      0x287 Drivers/STM32F4xx_HAL_Driver/Src/stm32f4xx_hal.o
 .debug_macro   0x0001e01b       0x5f Drivers/STM32F4xx_HAL_Driver/Src/stm32f4xx_hal.o
 .debug_macro   0x0001e07a      0x236 Drivers/STM32F4xx_HAL_Driver/Src/stm32f4xx_hal.o
 .debug_macro   0x0001e2b0       0xea Drivers/STM32F4xx_HAL_Driver/Src/stm32f4xx_hal.o
 .debug_macro   0x0001e39a       0xa0 Drivers/STM32F4xx_HAL_Driver/Src/stm32f4xx_hal.o
 .debug_macro   0x0001e43a       0x3c Drivers/STM32F4xx_HAL_Driver/Src/stm32f4xx_hal.o
 .debug_macro   0x0001e476      0x132 Drivers/STM32F4xx_HAL_Driver/Src/stm32f4xx_hal.o
 .debug_macro   0x0001e5a8      0x29c Drivers/STM32F4xx_HAL_Driver/Src/stm32f4xx_hal.o
 .debug_macro   0x0001e844       0x2e Drivers/STM32F4xx_HAL_Driver/Src/stm32f4xx_hal.o
 .debug_macro   0x0001e872      0x1a7 Drivers/STM32F4xx_HAL_Driver/Src/stm32f4xx_hal.o
 .debug_macro   0x0001ea19       0x4a Drivers/STM32F4xx_HAL_Driver/Src/stm32f4xx_hal.o
 .debug_macro   0x0001ea63      0x11a Drivers/STM32F4xx_HAL_Driver/Src/stm32f4xx_hal.o
 .debug_macro   0x0001eb7d       0xe8 Drivers/STM32F4xx_HAL_Driver/Src/stm32f4xx_hal.o
 .debug_macro   0x0001ec65       0x89 Drivers/STM32F4xx_HAL_Driver/Src/stm32f4xx_hal.o
 .debug_macro   0x0001ecee      0x126 Drivers/STM32F4xx_HAL_Driver/Src/stm32f4xx_hal.o
 .debug_macro   0x0001ee14      0x1d9 Drivers/STM32F4xx_HAL_Driver/Src/stm32f4xx_hal_cortex.o
 .debug_macro   0x0001efed      0x1da Drivers/STM32F4xx_HAL_Driver/Src/stm32f4xx_hal_dac.o
 .debug_macro   0x0001f1c7      0x20f Drivers/STM32F4xx_HAL_Driver/Src/stm32f4xx_hal_gpio.o
 .debug_macro   0x0001f3d6      0x1da Drivers/STM32F4xx_HAL_Driver/Src/stm32f4xx_hal_i2s.o
 .debug_macro   0x0001f5b0      0x1fd Drivers/STM32F4xx_HAL_Driver/Src/stm32f4xx_hal_rcc.o
 .debug_macro   0x0001f7ad      0x1d9 Drivers/STM32F4xx_HAL_Driver/Src/stm32f4xx_hal_rcc_ex.o
 .debug_macro   0x0001f986      0x1e3 Src/main.o
 .debug_macro   0x0001fb69      0x1e3 Src/stm32f4xx_hal_msp.o
 .debug_macro   0x0001fd4c      0x1ed Src/stm32f4xx_it.o
 .debug_macro   0x0001ff39      0x1df Src/system_stm32f4xx.o

.debug_line     0x00000000     0x65fb
 .debug_line    0x00000000      0x939 Drivers/STM32F4xx_HAL_Driver/Src/stm32f4xx_hal.o
 .debug_line    0x00000939      0x98f Drivers/STM32F4xx_HAL_Driver/Src/stm32f4xx_hal_cortex.o
 .debug_line    0x000012c8      0x9cc Drivers/STM32F4xx_HAL_Driver/Src/stm32f4xx_hal_dac.o
 .debug_line    0x00001c94      0x8bb Drivers/STM32F4xx_HAL_Driver/Src/stm32f4xx_hal_gpio.o
 .debug_line    0x0000254f      0xc67 Drivers/STM32F4xx_HAL_Driver/Src/stm32f4xx_hal_i2s.o
 .debug_line    0x000031b6      0x9af Drivers/STM32F4xx_HAL_Driver/Src/stm32f4xx_hal_rcc.o
 .debug_line    0x00003b65      0xb70 Drivers/STM32F4xx_HAL_Driver/Src/stm32f4xx_hal_rcc_ex.o
 .debug_line    0x000046d5      0x7cd Src/main.o
 .debug_line    0x00004ea2      0x7af Src/stm32f4xx_hal_msp.o
 .debug_line    0x00005651      0x7ca Src/stm32f4xx_it.o
 .debug_line    0x00005e1b      0x761 Src/system_stm32f4xx.o
 .debug_line    0x0000657c       0x7f startup/startup_stm32f446xx.o

.debug_str      0x00000000    0xc2ec0
 .debug_str     0x00000000    0xc161b Drivers/STM32F4xx_HAL_Driver/Src/stm32f4xx_hal.o
                              0xc19b5 (size before relaxing)
 .debug_str     0x000c161b      0x3a8 Drivers/STM32F4xx_HAL_Driver/Src/stm32f4xx_hal_cortex.o
                              0xc16c6 (size before relaxing)
 .debug_str     0x000c19c3      0x59e Drivers/STM32F4xx_HAL_Driver/Src/stm32f4xx_hal_dac.o
                              0xc122d (size before relaxing)
 .debug_str     0x000c1f61      0x28b Drivers/STM32F4xx_HAL_Driver/Src/stm32f4xx_hal_gpio.o
                              0xc102d (size before relaxing)
 .debug_str     0x000c21ec      0x46a Drivers/STM32F4xx_HAL_Driver/Src/stm32f4xx_hal_i2s.o
                              0xc13a6 (size before relaxing)
 .debug_str     0x000c2656      0x37e Drivers/STM32F4xx_HAL_Driver/Src/stm32f4xx_hal_rcc.o
                              0xc11fc (size before relaxing)
 .debug_str     0x000c29d4      0x301 Drivers/STM32F4xx_HAL_Driver/Src/stm32f4xx_hal_rcc_ex.o
                              0xc124b (size before relaxing)
 .debug_str     0x000c2cd5       0x8f Src/main.o
                              0xc173b (size before relaxing)
 .debug_str     0x000c2d64       0x1b Src/stm32f4xx_hal_msp.o
                              0xc1369 (size before relaxing)
 .debug_str     0x000c2d7f       0xb8 Src/stm32f4xx_it.o
                              0xc0cd7 (size before relaxing)
 .debug_str     0x000c2e37       0x5a Src/system_stm32f4xx.o
                              0xc0de9 (size before relaxing)
 .debug_str     0x000c2e91       0x2f startup/startup_stm32f446xx.o
                                 0x6e (size before relaxing)

.comment        0x00000000       0x7f
 .comment       0x00000000       0x7f Drivers/STM32F4xx_HAL_Driver/Src/stm32f4xx_hal.o
                                 0x80 (size before relaxing)
 .comment       0x0000007f       0x80 Drivers/STM32F4xx_HAL_Driver/Src/stm32f4xx_hal_cortex.o
 .comment       0x0000007f       0x80 Drivers/STM32F4xx_HAL_Driver/Src/stm32f4xx_hal_dac.o
 .comment       0x0000007f       0x80 Drivers/STM32F4xx_HAL_Driver/Src/stm32f4xx_hal_gpio.o
 .comment       0x0000007f       0x80 Drivers/STM32F4xx_HAL_Driver/Src/stm32f4xx_hal_i2s.o
 .comment       0x0000007f       0x80 Drivers/STM32F4xx_HAL_Driver/Src/stm32f4xx_hal_rcc.o
 .comment       0x0000007f       0x80 Drivers/STM32F4xx_HAL_Driver/Src/stm32f4xx_hal_rcc_ex.o
 .comment       0x0000007f       0x80 Src/main.o
 .comment       0x0000007f       0x80 Src/stm32f4xx_hal_msp.o
 .comment       0x0000007f       0x80 Src/stm32f4xx_it.o
 .comment       0x0000007f       0x80 Src/system_stm32f4xx.o

.debug_frame    0x00000000      0xed0
 .debug_frame   0x00000000      0x1ec Drivers/STM32F4xx_HAL_Driver/Src/stm32f4xx_hal.o
 .debug_frame   0x000001ec      0x15c Drivers/STM32F4xx_HAL_Driver/Src/stm32f4xx_hal_cortex.o
 .debug_frame   0x00000348      0x1f0 Drivers/STM32F4xx_HAL_Driver/Src/stm32f4xx_hal_dac.o
 .debug_frame   0x00000538       0xd8 Drivers/STM32F4xx_HAL_Driver/Src/stm32f4xx_hal_gpio.o
 .debug_frame   0x00000610      0x31c Drivers/STM32F4xx_HAL_Driver/Src/stm32f4xx_hal_i2s.o
 .debug_frame   0x0000092c      0x184 Drivers/STM32F4xx_HAL_Driver/Src/stm32f4xx_hal_rcc.o
 .debug_frame   0x00000ab0      0x148 Drivers/STM32F4xx_HAL_Driver/Src/stm32f4xx_hal_rcc_ex.o
 .debug_frame   0x00000bf8       0xb8 Src/main.o
 .debug_frame   0x00000cb0       0x9c Src/stm32f4xx_hal_msp.o
 .debug_frame   0x00000d4c       0xa8 Src/stm32f4xx_it.o
 .debug_frame   0x00000df4       0x30 Src/system_stm32f4xx.o
 .debug_frame   0x00000e24       0x2c f:/programs/eclipse/eclipse-oxygen/plugins/fr.ac6.mcu.externaltools.arm-none.win32_1.17.0.201812190825/tools/compiler/bin/../lib/gcc/arm-none-eabi/7.3.1/thumb/v7e-m/fpv4-sp/hard\libgcc.a(_aeabi_uldivmod.o)
 .debug_frame   0x00000e50       0x34 f:/programs/eclipse/eclipse-oxygen/plugins/fr.ac6.mcu.externaltools.arm-none.win32_1.17.0.201812190825/tools/compiler/bin/../lib/gcc/arm-none-eabi/7.3.1/thumb/v7e-m/fpv4-sp/hard\libgcc.a(_udivmoddi4.o)
 .debug_frame   0x00000e84       0x2c f:/programs/eclipse/eclipse-oxygen/plugins/fr.ac6.mcu.externaltools.arm-none.win32_1.17.0.201812190825/tools/compiler/bin/../lib/gcc/arm-none-eabi/7.3.1/../../../../arm-none-eabi/lib/thumb/v7e-m/fpv4-sp/hard\libc_nano.a(lib_a-init.o)
 .debug_frame   0x00000eb0       0x20 f:/programs/eclipse/eclipse-oxygen/plugins/fr.ac6.mcu.externaltools.arm-none.win32_1.17.0.201812190825/tools/compiler/bin/../lib/gcc/arm-none-eabi/7.3.1/../../../../arm-none-eabi/lib/thumb/v7e-m/fpv4-sp/hard\libc_nano.a(lib_a-memset.o)
