Archive member included because of file (symbol)

h:/softwares/assaf/imt_sdk_win_64/imt_sdk_win_64/winavr/bin/../lib/gcc/avr/4.3.3/avr5\libgcc.a(_exit.o)
                              h:/softwares/assaf/imt_sdk_win_64/imt_sdk_win_64/winavr/bin/../lib/gcc/avr/4.3.3/../../../../avr/lib/avr5/crtm32.o (exit)
h:/softwares/assaf/imt_sdk_win_64/imt_sdk_win_64/winavr/bin/../lib/gcc/avr/4.3.3/avr5\libgcc.a(_copy_data.o)
                              ./FreeRTOS/Source/portable/MemMang/heap_4.o (__do_copy_data)
h:/softwares/assaf/imt_sdk_win_64/imt_sdk_win_64/winavr/bin/../lib/gcc/avr/4.3.3/avr5\libgcc.a(_clear_bss.o)
                              ./FreeRTOS/Source/portable/MemMang/heap_4.o (__do_clear_bss)
h:/softwares/assaf/imt_sdk_win_64/imt_sdk_win_64/winavr/bin/../lib/gcc/avr/4.3.3/../../../../avr/lib/avr5\libc.a(memcpy.o)
                              ./FreeRTOS/Source/queue.o (memcpy)
h:/softwares/assaf/imt_sdk_win_64/imt_sdk_win_64/winavr/bin/../lib/gcc/avr/4.3.3/../../../../avr/lib/avr5\libc.a(memset.o)
                              ./FreeRTOS/Source/stream_buffer.o (memset)

Memory Configuration

Name             Origin             Length             Attributes
text             0x00000000         0x00020000         xr
data             0x00800060         0x0000ffa0         rw !x
eeprom           0x00810000         0x00010000         rw !x
fuse             0x00820000         0x00000400         rw !x
lock             0x00830000         0x00000400         rw !x
signature        0x00840000         0x00000400         rw !x
*default*        0x00000000         0xffffffff

Linker script and memory map

LOAD h:/softwares/assaf/imt_sdk_win_64/imt_sdk_win_64/winavr/bin/../lib/gcc/avr/4.3.3/../../../../avr/lib/avr5/crtm32.o
LOAD ./FreeRTOS/Source/portable/MemMang/heap_4.o
LOAD ./FreeRTOS/Source/portable/GCC/ATMega323/port.o
LOAD ./FreeRTOS/Source/croutine.o
LOAD ./FreeRTOS/Source/event_groups.o
LOAD ./FreeRTOS/Source/list.o
LOAD ./FreeRTOS/Source/queue.o
LOAD ./FreeRTOS/Source/stream_buffer.o
LOAD ./FreeRTOS/Source/tasks.o
LOAD ./FreeRTOS/Source/timers.o
LOAD ./DIO_program.o
LOAD ./SSd_program.o
LOAD ./main.o
LOAD h:/softwares/assaf/imt_sdk_win_64/imt_sdk_win_64/winavr/bin/../lib/gcc/avr/4.3.3/avr5\libgcc.a
LOAD h:/softwares/assaf/imt_sdk_win_64/imt_sdk_win_64/winavr/bin/../lib/gcc/avr/4.3.3/../../../../avr/lib/avr5\libc.a
LOAD h:/softwares/assaf/imt_sdk_win_64/imt_sdk_win_64/winavr/bin/../lib/gcc/avr/4.3.3/avr5\libgcc.a

.hash
 *(.hash)

.dynsym
 *(.dynsym)

.dynstr
 *(.dynstr)

.gnu.version
 *(.gnu.version)

.gnu.version_d
 *(.gnu.version_d)

.gnu.version_r
 *(.gnu.version_r)

.rel.init
 *(.rel.init)

.rela.init
 *(.rela.init)

.rel.text
 *(.rel.text)
 *(.rel.text.*)
 *(.rel.gnu.linkonce.t*)

.rela.text
 *(.rela.text)
 *(.rela.text.*)
 *(.rela.gnu.linkonce.t*)

.rel.fini
 *(.rel.fini)

.rela.fini
 *(.rela.fini)

.rel.rodata
 *(.rel.rodata)
 *(.rel.rodata.*)
 *(.rel.gnu.linkonce.r*)

.rela.rodata
 *(.rela.rodata)
 *(.rela.rodata.*)
 *(.rela.gnu.linkonce.r*)

.rel.data
 *(.rel.data)
 *(.rel.data.*)
 *(.rel.gnu.linkonce.d*)

.rela.data
 *(.rela.data)
 *(.rela.data.*)
 *(.rela.gnu.linkonce.d*)

.rel.ctors
 *(.rel.ctors)

.rela.ctors
 *(.rela.ctors)

.rel.dtors
 *(.rel.dtors)

.rela.dtors
 *(.rela.dtors)

.rel.got
 *(.rel.got)

.rela.got
 *(.rela.got)

.rel.bss
 *(.rel.bss)

.rela.bss
 *(.rela.bss)

.rel.plt
 *(.rel.plt)

.rela.plt
 *(.rela.plt)

.text           0x00000000     0x65b8
 *(.vectors)
 .vectors       0x00000000       0x54 h:/softwares/assaf/imt_sdk_win_64/imt_sdk_win_64/winavr/bin/../lib/gcc/avr/4.3.3/../../../../avr/lib/avr5/crtm32.o
                0x00000000                __vectors
                0x00000000                __vector_default
 *(.vectors)
 *(.progmem.gcc*)
 *(.progmem*)
                0x00000054                . = ALIGN (0x2)
                0x00000054                __trampolines_start = .
 *(.trampolines)
 .trampolines   0x00000054        0x0 linker stubs
 *(.trampolines*)
                0x00000054                __trampolines_end = .
 *(.jumptables)
 *(.jumptables*)
 *(.lowtext)
 *(.lowtext*)
                0x00000054                __ctors_start = .
 *(.ctors)
                0x00000054                __ctors_end = .
                0x00000054                __dtors_start = .
 *(.dtors)
                0x00000054                __dtors_end = .
 SORT(*)(.ctors)
 SORT(*)(.dtors)
 *(.init0)
 .init0         0x00000054        0x0 h:/softwares/assaf/imt_sdk_win_64/imt_sdk_win_64/winavr/bin/../lib/gcc/avr/4.3.3/../../../../avr/lib/avr5/crtm32.o
                0x00000054                __init
 *(.init0)
 *(.init1)
 *(.init1)
 *(.init2)
 .init2         0x00000054        0xc h:/softwares/assaf/imt_sdk_win_64/imt_sdk_win_64/winavr/bin/../lib/gcc/avr/4.3.3/../../../../avr/lib/avr5/crtm32.o
 *(.init2)
 *(.init3)
 *(.init3)
 *(.init4)
 .init4         0x00000060       0x16 h:/softwares/assaf/imt_sdk_win_64/imt_sdk_win_64/winavr/bin/../lib/gcc/avr/4.3.3/avr5\libgcc.a(_copy_data.o)
                0x00000060                __do_copy_data
 .init4         0x00000076       0x10 h:/softwares/assaf/imt_sdk_win_64/imt_sdk_win_64/winavr/bin/../lib/gcc/avr/4.3.3/avr5\libgcc.a(_clear_bss.o)
                0x00000076                __do_clear_bss
 *(.init4)
 *(.init5)
 *(.init5)
 *(.init6)
 *(.init6)
 *(.init7)
 *(.init7)
 *(.init8)
 *(.init8)
 *(.init9)
 .init9         0x00000086        0x8 h:/softwares/assaf/imt_sdk_win_64/imt_sdk_win_64/winavr/bin/../lib/gcc/avr/4.3.3/../../../../avr/lib/avr5/crtm32.o
 *(.init9)
 *(.text)
 .text          0x0000008e        0x4 h:/softwares/assaf/imt_sdk_win_64/imt_sdk_win_64/winavr/bin/../lib/gcc/avr/4.3.3/../../../../avr/lib/avr5/crtm32.o
                0x0000008e                __vector_1
                0x0000008e                __vector_12
                0x0000008e                __bad_interrupt
                0x0000008e                __vector_6
                0x0000008e                __vector_3
                0x0000008e                __vector_11
                0x0000008e                __vector_13
                0x0000008e                __vector_17
                0x0000008e                __vector_19
                0x0000008e                __vector_5
                0x0000008e                __vector_4
                0x0000008e                __vector_9
                0x0000008e                __vector_2
                0x0000008e                __vector_15
                0x0000008e                __vector_8
                0x0000008e                __vector_14
                0x0000008e                __vector_10
                0x0000008e                __vector_16
                0x0000008e                __vector_18
                0x0000008e                __vector_20
 .text          0x00000092        0x0 ./FreeRTOS/Source/portable/MemMang/heap_4.o
 .text          0x00000092        0x0 ./FreeRTOS/Source/portable/GCC/ATMega323/port.o
 .text          0x00000092        0x0 ./FreeRTOS/Source/croutine.o
 .text          0x00000092        0x0 ./FreeRTOS/Source/event_groups.o
 .text          0x00000092        0x0 ./FreeRTOS/Source/list.o
 .text          0x00000092        0x0 ./FreeRTOS/Source/queue.o
 .text          0x00000092        0x0 ./FreeRTOS/Source/stream_buffer.o
 .text          0x00000092        0x0 ./FreeRTOS/Source/tasks.o
 .text          0x00000092        0x0 ./FreeRTOS/Source/timers.o
 .text          0x00000092        0x0 ./DIO_program.o
 .text          0x00000092        0x0 ./SSd_program.o
 .text          0x00000092        0x0 ./main.o
 .text          0x00000092        0x0 h:/softwares/assaf/imt_sdk_win_64/imt_sdk_win_64/winavr/bin/../lib/gcc/avr/4.3.3/avr5\libgcc.a(_exit.o)
 .text          0x00000092        0x0 h:/softwares/assaf/imt_sdk_win_64/imt_sdk_win_64/winavr/bin/../lib/gcc/avr/4.3.3/avr5\libgcc.a(_copy_data.o)
 .text          0x00000092        0x0 h:/softwares/assaf/imt_sdk_win_64/imt_sdk_win_64/winavr/bin/../lib/gcc/avr/4.3.3/avr5\libgcc.a(_clear_bss.o)
 .text          0x00000092        0x0 h:/softwares/assaf/imt_sdk_win_64/imt_sdk_win_64/winavr/bin/../lib/gcc/avr/4.3.3/../../../../avr/lib/avr5\libc.a(memcpy.o)
 .text          0x00000092        0x0 h:/softwares/assaf/imt_sdk_win_64/imt_sdk_win_64/winavr/bin/../lib/gcc/avr/4.3.3/../../../../avr/lib/avr5\libc.a(memset.o)
                0x00000092                . = ALIGN (0x2)
 *(.text.*)
 .text.pvPortMalloc
                0x00000092      0x1ea ./FreeRTOS/Source/portable/MemMang/heap_4.o
                0x00000092                pvPortMalloc
 .text.vPortFree
                0x0000027c       0xca ./FreeRTOS/Source/portable/MemMang/heap_4.o
                0x0000027c                vPortFree
 .text.xPortGetFreeHeapSize
                0x00000346       0x16 ./FreeRTOS/Source/portable/MemMang/heap_4.o
                0x00000346                xPortGetFreeHeapSize
 .text.xPortGetMinimumEverFreeHeapSize
                0x0000035c       0x16 ./FreeRTOS/Source/portable/MemMang/heap_4.o
                0x0000035c                xPortGetMinimumEverFreeHeapSize
 .text.vPortInitialiseBlocks
                0x00000372        0xe ./FreeRTOS/Source/portable/MemMang/heap_4.o
                0x00000372                vPortInitialiseBlocks
 .text.prvHeapInit
                0x00000380       0xf2 ./FreeRTOS/Source/portable/MemMang/heap_4.o
 .text.prvInsertBlockIntoFreeList
                0x00000472      0x144 ./FreeRTOS/Source/portable/MemMang/heap_4.o
 .text.pxPortInitialiseStack
                0x000005b6      0x306 ./FreeRTOS/Source/portable/GCC/ATMega323/port.o
                0x000005b6                pxPortInitialiseStack
 .text.xPortStartScheduler
                0x000008bc       0x6a ./FreeRTOS/Source/portable/GCC/ATMega323/port.o
                0x000008bc                xPortStartScheduler
 .text.vPortEndScheduler
                0x00000926        0xe ./FreeRTOS/Source/portable/GCC/ATMega323/port.o
                0x00000926                vPortEndScheduler
 .text.vPortYield
                0x00000934       0xb2 ./FreeRTOS/Source/portable/GCC/ATMega323/port.o
                0x00000934                vPortYield
 .text.vPortYieldFromTick
                0x000009e6       0xba ./FreeRTOS/Source/portable/GCC/ATMega323/port.o
                0x000009e6                vPortYieldFromTick
 .text.prvSetupTimerInterrupt
                0x00000aa0       0xb8 ./FreeRTOS/Source/portable/GCC/ATMega323/port.o
 .text.__vector_7
                0x00000b58        0x6 ./FreeRTOS/Source/portable/GCC/ATMega323/port.o
                0x00000b58                __vector_7
 .text.xCoRoutineCreate
                0x00000b5e      0x128 ./FreeRTOS/Source/croutine.o
                0x00000b5e                xCoRoutineCreate
 .text.vCoRoutineAddToDelayedList
                0x00000c86       0xc2 ./FreeRTOS/Source/croutine.o
                0x00000c86                vCoRoutineAddToDelayedList
 .text.prvCheckPendingReadyList
                0x00000d48       0x94 ./FreeRTOS/Source/croutine.o
 .text.prvCheckDelayedList
                0x00000ddc      0x15c ./FreeRTOS/Source/croutine.o
 .text.vCoRoutineSchedule
                0x00000f38       0xf4 ./FreeRTOS/Source/croutine.o
                0x00000f38                vCoRoutineSchedule
 .text.prvInitialiseCoRoutineLists
                0x0000102c       0x72 ./FreeRTOS/Source/croutine.o
 .text.xCoRoutineRemoveFromEventList
                0x0000109e       0x70 ./FreeRTOS/Source/croutine.o
                0x0000109e                xCoRoutineRemoveFromEventList
 .text.xEventGroupCreate
                0x0000110e       0x3e ./FreeRTOS/Source/event_groups.o
                0x0000110e                xEventGroupCreate
 .text.xEventGroupSync
                0x0000114c      0x172 ./FreeRTOS/Source/event_groups.o
                0x0000114c                xEventGroupSync
 .text.xEventGroupWaitBits
                0x000012be      0x18c ./FreeRTOS/Source/event_groups.o
                0x000012be                xEventGroupWaitBits
 .text.xEventGroupClearBits
                0x0000144a       0x6c ./FreeRTOS/Source/event_groups.o
                0x0000144a                xEventGroupClearBits
 .text.xEventGroupGetBitsFromISR
                0x000014b6       0x44 ./FreeRTOS/Source/event_groups.o
                0x000014b6                xEventGroupGetBitsFromISR
 .text.xEventGroupSetBits
                0x000014fa      0x164 ./FreeRTOS/Source/event_groups.o
                0x000014fa                xEventGroupSetBits
 .text.vEventGroupDelete
                0x0000165e       0x62 ./FreeRTOS/Source/event_groups.o
                0x0000165e                vEventGroupDelete
 .text.vEventGroupSetBitsCallback
                0x000016c0       0x3a ./FreeRTOS/Source/event_groups.o
                0x000016c0                vEventGroupSetBitsCallback
 .text.vEventGroupClearBitsCallback
                0x000016fa       0x3a ./FreeRTOS/Source/event_groups.o
                0x000016fa                vEventGroupClearBitsCallback
 .text.prvTestWaitCondition
                0x00001734       0x64 ./FreeRTOS/Source/event_groups.o
 .text.vListInitialise
                0x00001798       0x54 ./FreeRTOS/Source/list.o
                0x00001798                vListInitialise
 .text.vListInitialiseItem
                0x000017ec       0x20 ./FreeRTOS/Source/list.o
                0x000017ec                vListInitialiseItem
 .text.vListInsertEnd
                0x0000180c       0x88 ./FreeRTOS/Source/list.o
                0x0000180c                vListInsertEnd
 .text.vListInsert
                0x00001894       0xd8 ./FreeRTOS/Source/list.o
                0x00001894                vListInsert
 .text.uxListRemove
                0x0000196c       0x98 ./FreeRTOS/Source/list.o
                0x0000196c                uxListRemove
 .text.xQueueGenericReset
                0x00001a04      0x10c ./FreeRTOS/Source/queue.o
                0x00001a04                xQueueGenericReset
 .text.xQueueGenericCreate
                0x00001b10       0xa2 ./FreeRTOS/Source/queue.o
                0x00001b10                xQueueGenericCreate
 .text.prvInitialiseNewQueue
                0x00001bb2       0x76 ./FreeRTOS/Source/queue.o
 .text.prvInitialiseMutex
                0x00001c28       0x48 ./FreeRTOS/Source/queue.o
 .text.xQueueCreateMutex
                0x00001c70       0x40 ./FreeRTOS/Source/queue.o
                0x00001c70                xQueueCreateMutex
 .text.xQueueGenericSend
                0x00001cb0      0x158 ./FreeRTOS/Source/queue.o
                0x00001cb0                xQueueGenericSend
 .text.xQueueGenericSendFromISR
                0x00001e08       0xb0 ./FreeRTOS/Source/queue.o
                0x00001e08                xQueueGenericSendFromISR
 .text.xQueueGiveFromISR
                0x00001eb8       0xa2 ./FreeRTOS/Source/queue.o
                0x00001eb8                xQueueGiveFromISR
 .text.xQueueReceive
                0x00001f5a      0x156 ./FreeRTOS/Source/queue.o
                0x00001f5a                xQueueReceive
 .text.xQueueSemaphoreTake
                0x000020b0      0x1aa ./FreeRTOS/Source/queue.o
                0x000020b0                xQueueSemaphoreTake
 .text.xQueuePeek
                0x0000225a      0x164 ./FreeRTOS/Source/queue.o
                0x0000225a                xQueuePeek
 .text.xQueueReceiveFromISR
                0x000023be       0xae ./FreeRTOS/Source/queue.o
                0x000023be                xQueueReceiveFromISR
 .text.xQueuePeekFromISR
                0x0000246c       0x72 ./FreeRTOS/Source/queue.o
                0x0000246c                xQueuePeekFromISR
 .text.uxQueueMessagesWaiting
                0x000024de       0x30 ./FreeRTOS/Source/queue.o
                0x000024de                uxQueueMessagesWaiting
 .text.uxQueueSpacesAvailable
                0x0000250e       0x4a ./FreeRTOS/Source/queue.o
                0x0000250e                uxQueueSpacesAvailable
 .text.uxQueueMessagesWaitingFromISR
                0x00002558       0x34 ./FreeRTOS/Source/queue.o
                0x00002558                uxQueueMessagesWaitingFromISR
 .text.vQueueDelete
                0x0000258c       0x2e ./FreeRTOS/Source/queue.o
                0x0000258c                vQueueDelete
 .text.prvGetDisinheritPriorityAfterTimeout
                0x000025ba       0x42 ./FreeRTOS/Source/queue.o
 .text.prvCopyDataToQueue
                0x000025fc      0x170 ./FreeRTOS/Source/queue.o
 .text.prvCopyDataFromQueue
                0x0000276c       0x8e ./FreeRTOS/Source/queue.o
 .text.prvUnlockQueue
                0x000027fa       0xa6 ./FreeRTOS/Source/queue.o
 .text.prvIsQueueEmpty
                0x000028a0       0x3a ./FreeRTOS/Source/queue.o
 .text.xQueueIsQueueEmptyFromISR
                0x000028da       0x3e ./FreeRTOS/Source/queue.o
                0x000028da                xQueueIsQueueEmptyFromISR
 .text.prvIsQueueFull
                0x00002918       0x40 ./FreeRTOS/Source/queue.o
 .text.xQueueIsQueueFullFromISR
                0x00002958       0x44 ./FreeRTOS/Source/queue.o
                0x00002958                xQueueIsQueueFullFromISR
 .text.xQueueCRSend
                0x0000299c       0xc2 ./FreeRTOS/Source/queue.o
                0x0000299c                xQueueCRSend
 .text.xQueueCRReceive
                0x00002a5e      0x11c ./FreeRTOS/Source/queue.o
                0x00002a5e                xQueueCRReceive
 .text.xQueueCRSendFromISR
                0x00002b7a       0x82 ./FreeRTOS/Source/queue.o
                0x00002b7a                xQueueCRSendFromISR
 .text.xQueueCRReceiveFromISR
                0x00002bfc       0xea ./FreeRTOS/Source/queue.o
                0x00002bfc                xQueueCRReceiveFromISR
 .text.xStreamBufferGenericCreate
                0x00002ce6       0x98 ./FreeRTOS/Source/stream_buffer.o
                0x00002ce6                xStreamBufferGenericCreate
 .text.vStreamBufferDelete
                0x00002d7e       0x52 ./FreeRTOS/Source/stream_buffer.o
                0x00002d7e                vStreamBufferDelete
 .text.xStreamBufferReset
                0x00002dd0       0x84 ./FreeRTOS/Source/stream_buffer.o
                0x00002dd0                xStreamBufferReset
 .text.xStreamBufferSetTriggerLevel
                0x00002e54       0x6e ./FreeRTOS/Source/stream_buffer.o
                0x00002e54                xStreamBufferSetTriggerLevel
 .text.xStreamBufferSpacesAvailable
                0x00002ec2       0x8c ./FreeRTOS/Source/stream_buffer.o
                0x00002ec2                xStreamBufferSpacesAvailable
 .text.xStreamBufferBytesAvailable
                0x00002f4e       0x3c ./FreeRTOS/Source/stream_buffer.o
                0x00002f4e                xStreamBufferBytesAvailable
 .text.xStreamBufferSend
                0x00002f8a      0x190 ./FreeRTOS/Source/stream_buffer.o
                0x00002f8a                xStreamBufferSend
 .text.xStreamBufferSendFromISR
                0x0000311a       0xfa ./FreeRTOS/Source/stream_buffer.o
                0x0000311a                xStreamBufferSendFromISR
 .text.prvWriteMessageToBuffer
                0x00003214       0xe4 ./FreeRTOS/Source/stream_buffer.o
 .text.xStreamBufferReceive
                0x000032f8      0x174 ./FreeRTOS/Source/stream_buffer.o
                0x000032f8                xStreamBufferReceive
 .text.xStreamBufferNextMessageLengthBytes
                0x0000346c       0xa4 ./FreeRTOS/Source/stream_buffer.o
                0x0000346c                xStreamBufferNextMessageLengthBytes
 .text.xStreamBufferReceiveFromISR
                0x00003510       0xf0 ./FreeRTOS/Source/stream_buffer.o
                0x00003510                xStreamBufferReceiveFromISR
 .text.prvReadMessageFromBuffer
                0x00003600       0xd8 ./FreeRTOS/Source/stream_buffer.o
 .text.xStreamBufferIsEmpty
                0x000036d8       0x5a ./FreeRTOS/Source/stream_buffer.o
                0x000036d8                xStreamBufferIsEmpty
 .text.xStreamBufferIsFull
                0x00003732       0x70 ./FreeRTOS/Source/stream_buffer.o
                0x00003732                xStreamBufferIsFull
 .text.xStreamBufferSendCompletedFromISR
                0x000037a2       0x86 ./FreeRTOS/Source/stream_buffer.o
                0x000037a2                xStreamBufferSendCompletedFromISR
 .text.xStreamBufferReceiveCompletedFromISR
                0x00003828       0x86 ./FreeRTOS/Source/stream_buffer.o
                0x00003828                xStreamBufferReceiveCompletedFromISR
 .text.prvWriteBytesToBuffer
                0x000038ae      0x11a ./FreeRTOS/Source/stream_buffer.o
 .text.prvReadBytesFromBuffer
                0x000039c8      0x15a ./FreeRTOS/Source/stream_buffer.o
 .text.prvBytesInBuffer
                0x00003b22       0x74 ./FreeRTOS/Source/stream_buffer.o
 .text.prvInitialiseNewStreamBuffer
                0x00003b96       0x78 ./FreeRTOS/Source/stream_buffer.o
 .text.xTaskCreate
                0x00003c0e       0xf0 ./FreeRTOS/Source/tasks.o
                0x00003c0e                xTaskCreate
 .text.prvInitialiseNewTask
                0x00003cfe      0x186 ./FreeRTOS/Source/tasks.o
 .text.prvAddNewTaskToReadyList
                0x00003e84       0xf0 ./FreeRTOS/Source/tasks.o
 .text.vTaskDelete
                0x00003f74       0xe4 ./FreeRTOS/Source/tasks.o
                0x00003f74                vTaskDelete
 .text.vTaskDelayUntil
                0x00004058       0xe4 ./FreeRTOS/Source/tasks.o
                0x00004058                vTaskDelayUntil
 .text.vTaskDelay
                0x0000413c       0x44 ./FreeRTOS/Source/tasks.o
                0x0000413c                vTaskDelay
 .text.vTaskSuspend
                0x00004180       0xe8 ./FreeRTOS/Source/tasks.o
                0x00004180                vTaskSuspend
 .text.prvTaskIsTaskSuspended
                0x00004268       0x5e ./FreeRTOS/Source/tasks.o
 .text.vTaskResume
                0x000042c6       0xc8 ./FreeRTOS/Source/tasks.o
                0x000042c6                vTaskResume
 .text.xTaskResumeFromISR
                0x0000438e       0xcc ./FreeRTOS/Source/tasks.o
                0x0000438e                xTaskResumeFromISR
 .text.vTaskStartScheduler
                0x0000445a       0x64 ./FreeRTOS/Source/tasks.o
                0x0000445a                vTaskStartScheduler
 .text.vTaskEndScheduler
                0x000044be       0x18 ./FreeRTOS/Source/tasks.o
                0x000044be                vTaskEndScheduler
 .text.vTaskSuspendAll
                0x000044d6       0x18 ./FreeRTOS/Source/tasks.o
                0x000044d6                vTaskSuspendAll
 .text.xTaskResumeAll
                0x000044ee      0x126 ./FreeRTOS/Source/tasks.o
                0x000044ee                xTaskResumeAll
 .text.xTaskGetTickCount
                0x00004614       0x2e ./FreeRTOS/Source/tasks.o
                0x00004614                xTaskGetTickCount
 .text.xTaskGetTickCountFromISR
                0x00004642       0x2a ./FreeRTOS/Source/tasks.o
                0x00004642                xTaskGetTickCountFromISR
 .text.uxTaskGetNumberOfTasks
                0x0000466c       0x12 ./FreeRTOS/Source/tasks.o
                0x0000466c                uxTaskGetNumberOfTasks
 .text.pcTaskGetName
                0x0000467e       0x50 ./FreeRTOS/Source/tasks.o
                0x0000467e                pcTaskGetName
 .text.xTaskIncrementTick
                0x000046ce      0x1ca ./FreeRTOS/Source/tasks.o
                0x000046ce                xTaskIncrementTick
 .text.vTaskSwitchContext
                0x00004898       0xda ./FreeRTOS/Source/tasks.o
                0x00004898                vTaskSwitchContext
 .text.vTaskPlaceOnEventList
                0x00004972       0x44 ./FreeRTOS/Source/tasks.o
                0x00004972                vTaskPlaceOnEventList
 .text.vTaskPlaceOnUnorderedEventList
                0x000049b6       0x60 ./FreeRTOS/Source/tasks.o
                0x000049b6                vTaskPlaceOnUnorderedEventList
 .text.xTaskRemoveFromEventList
                0x00004a16       0xd6 ./FreeRTOS/Source/tasks.o
                0x00004a16                xTaskRemoveFromEventList
 .text.vTaskRemoveFromUnorderedEventList
                0x00004aec       0xba ./FreeRTOS/Source/tasks.o
                0x00004aec                vTaskRemoveFromUnorderedEventList
 .text.vTaskSetTimeOutState
                0x00004ba6       0x3c ./FreeRTOS/Source/tasks.o
                0x00004ba6                vTaskSetTimeOutState
 .text.vTaskInternalSetTimeOutState
                0x00004be2       0x32 ./FreeRTOS/Source/tasks.o
                0x00004be2                vTaskInternalSetTimeOutState
 .text.xTaskCheckForTimeOut
                0x00004c14       0xda ./FreeRTOS/Source/tasks.o
                0x00004c14                xTaskCheckForTimeOut
 .text.vTaskMissedYield
                0x00004cee       0x14 ./FreeRTOS/Source/tasks.o
                0x00004cee                vTaskMissedYield
 .text.prvIdleTask
                0x00004d02       0x20 ./FreeRTOS/Source/tasks.o
 .text.prvInitialiseTaskLists
                0x00004d22       0x82 ./FreeRTOS/Source/tasks.o
 .text.prvCheckTasksWaitingTermination
                0x00004da4       0x5e ./FreeRTOS/Source/tasks.o
 .text.prvDeleteTCB
                0x00004e02       0x2c ./FreeRTOS/Source/tasks.o
 .text.prvResetNextTaskUnblockTime
                0x00004e2e       0x56 ./FreeRTOS/Source/tasks.o
 .text.xTaskGetCurrentTaskHandle
                0x00004e84       0x24 ./FreeRTOS/Source/tasks.o
                0x00004e84                xTaskGetCurrentTaskHandle
 .text.xTaskPriorityInherit
                0x00004ea8      0x13c ./FreeRTOS/Source/tasks.o
                0x00004ea8                xTaskPriorityInherit
 .text.xTaskPriorityDisinherit
                0x00004fe4       0xe4 ./FreeRTOS/Source/tasks.o
                0x00004fe4                xTaskPriorityDisinherit
 .text.vTaskPriorityDisinheritAfterTimeout
                0x000050c8      0x12a ./FreeRTOS/Source/tasks.o
                0x000050c8                vTaskPriorityDisinheritAfterTimeout
 .text.uxTaskResetEventItemValue
                0x000051f2       0x4e ./FreeRTOS/Source/tasks.o
                0x000051f2                uxTaskResetEventItemValue
 .text.pvTaskIncrementMutexHeldCount
                0x00005240       0x30 ./FreeRTOS/Source/tasks.o
                0x00005240                pvTaskIncrementMutexHeldCount
 .text.ulTaskNotifyTake
                0x00005270       0xee ./FreeRTOS/Source/tasks.o
                0x00005270                ulTaskNotifyTake
 .text.xTaskNotifyWait
                0x0000535e      0x138 ./FreeRTOS/Source/tasks.o
                0x0000535e                xTaskNotifyWait
 .text.xTaskGenericNotify
                0x00005496      0x1ba ./FreeRTOS/Source/tasks.o
                0x00005496                xTaskGenericNotify
 .text.xTaskGenericNotifyFromISR
                0x00005650      0x1f0 ./FreeRTOS/Source/tasks.o
                0x00005650                xTaskGenericNotifyFromISR
 .text.vTaskNotifyGiveFromISR
                0x00005840      0x10c ./FreeRTOS/Source/tasks.o
                0x00005840                vTaskNotifyGiveFromISR
 .text.xTaskNotifyStateClear
                0x0000594c       0x74 ./FreeRTOS/Source/tasks.o
                0x0000594c                xTaskNotifyStateClear
 .text.prvAddCurrentTaskToDelayedList
                0x000059c0       0xf8 ./FreeRTOS/Source/tasks.o
 .text.DIO_voidIntialize
                0x00005ab8       0x14 ./DIO_program.o
                0x00005ab8                DIO_voidIntialize
 .text.DIO_u8SetPinValue
                0x00005acc      0x1be ./DIO_program.o
                0x00005acc                DIO_u8SetPinValue
 .text.DIO_u8SetPinDirection
                0x00005c8a      0x1be ./DIO_program.o
                0x00005c8a                DIO_u8SetPinDirection
 .text.DIO_u8GetPinValue
                0x00005e48      0x190 ./DIO_program.o
                0x00005e48                DIO_u8GetPinValue
 .text.DIO_u8SetPortValue
                0x00005fd8       0xb2 ./DIO_program.o
                0x00005fd8                DIO_u8SetPortValue
 .text.DIO_u8SetPortDirection
                0x0000608a       0xe6 ./DIO_program.o
                0x0000608a                DIO_u8SetPortDirection
 .text.DIO_u8GetPortValue
                0x00006170       0x1a ./DIO_program.o
                0x00006170                DIO_u8GetPortValue
 .text.DIO_u8AssignPortValue
                0x0000618a       0x9c ./DIO_program.o
                0x0000618a                DIO_u8AssignPortValue
 .text.SSD_u8DisplayOn
                0x00006226       0x9c ./SSd_program.o
                0x00006226                SSD_u8DisplayOn
 .text.SSD_u8DisplayOff
                0x000062c2       0x9c ./SSd_program.o
                0x000062c2                SSD_u8DisplayOff
 .text.SSD_u8WriteNumber
                0x0000635e       0x9a ./SSd_program.o
                0x0000635e                SSD_u8WriteNumber
 .text.VIDmytask1
                0x000063f8       0x50 ./main.o
                0x000063f8                VIDmytask1
 .text.VIDmytask2
                0x00006448       0x38 ./main.o
                0x00006448                VIDmytask2
 .text.VIDmytask3
                0x00006480       0x38 ./main.o
                0x00006480                VIDmytask3
 .text.VIDmytask4
                0x000064b8       0x38 ./main.o
                0x000064b8                VIDmytask4
 .text.main     0x000064f0       0xa4 ./main.o
                0x000064f0                main
 .text.libgcc   0x00006594        0x0 h:/softwares/assaf/imt_sdk_win_64/imt_sdk_win_64/winavr/bin/../lib/gcc/avr/4.3.3/avr5\libgcc.a(_exit.o)
 .text.libgcc   0x00006594        0x0 h:/softwares/assaf/imt_sdk_win_64/imt_sdk_win_64/winavr/bin/../lib/gcc/avr/4.3.3/avr5\libgcc.a(_copy_data.o)
 .text.libgcc   0x00006594        0x0 h:/softwares/assaf/imt_sdk_win_64/imt_sdk_win_64/winavr/bin/../lib/gcc/avr/4.3.3/avr5\libgcc.a(_clear_bss.o)
 .text.avr-libc
                0x00006594       0x12 h:/softwares/assaf/imt_sdk_win_64/imt_sdk_win_64/winavr/bin/../lib/gcc/avr/4.3.3/../../../../avr/lib/avr5\libc.a(memcpy.o)
                0x00006594                memcpy
 .text.avr-libc
                0x000065a6        0xe h:/softwares/assaf/imt_sdk_win_64/imt_sdk_win_64/winavr/bin/../lib/gcc/avr/4.3.3/../../../../avr/lib/avr5\libc.a(memset.o)
                0x000065a6                memset
                0x000065b4                . = ALIGN (0x2)
 *(.fini9)
 .fini9         0x000065b4        0x0 h:/softwares/assaf/imt_sdk_win_64/imt_sdk_win_64/winavr/bin/../lib/gcc/avr/4.3.3/avr5\libgcc.a(_exit.o)
                0x000065b4                exit
                0x000065b4                _exit
 *(.fini9)
 *(.fini8)
 *(.fini8)
 *(.fini7)
 *(.fini7)
 *(.fini6)
 *(.fini6)
 *(.fini5)
 *(.fini5)
 *(.fini4)
 *(.fini4)
 *(.fini3)
 *(.fini3)
 *(.fini2)
 *(.fini2)
 *(.fini1)
 *(.fini1)
 *(.fini0)
 .fini0         0x000065b4        0x4 h:/softwares/assaf/imt_sdk_win_64/imt_sdk_win_64/winavr/bin/../lib/gcc/avr/4.3.3/avr5\libgcc.a(_exit.o)
 *(.fini0)
                0x000065b8                _etext = .

.data           0x00800060       0x4e load address 0x000065b8
                0x00800060                PROVIDE (__data_start, .)
 *(.data)
 .data          0x00800060        0x0 h:/softwares/assaf/imt_sdk_win_64/imt_sdk_win_64/winavr/bin/../lib/gcc/avr/4.3.3/../../../../avr/lib/avr5/crtm32.o
 .data          0x00800060        0x0 ./FreeRTOS/Source/portable/MemMang/heap_4.o
 .data          0x00800060        0x0 ./FreeRTOS/Source/portable/GCC/ATMega323/port.o
 .data          0x00800060        0x0 ./FreeRTOS/Source/croutine.o
 .data          0x00800060        0x0 ./FreeRTOS/Source/event_groups.o
 .data          0x00800060        0x0 ./FreeRTOS/Source/list.o
 .data          0x00800060        0x0 ./FreeRTOS/Source/queue.o
 .data          0x00800060        0x0 ./FreeRTOS/Source/stream_buffer.o
 .data          0x00800060        0x5 ./FreeRTOS/Source/tasks.o
 .data          0x00800065        0x0 ./FreeRTOS/Source/timers.o
 .data          0x00800065        0x0 ./DIO_program.o
 .data          0x00800065        0x0 ./SSd_program.o
 .data          0x00800065       0x24 ./main.o
 .data          0x00800089        0x0 h:/softwares/assaf/imt_sdk_win_64/imt_sdk_win_64/winavr/bin/../lib/gcc/avr/4.3.3/avr5\libgcc.a(_exit.o)
 .data          0x00800089        0x0 h:/softwares/assaf/imt_sdk_win_64/imt_sdk_win_64/winavr/bin/../lib/gcc/avr/4.3.3/avr5\libgcc.a(_copy_data.o)
 .data          0x00800089        0x0 h:/softwares/assaf/imt_sdk_win_64/imt_sdk_win_64/winavr/bin/../lib/gcc/avr/4.3.3/avr5\libgcc.a(_clear_bss.o)
 .data          0x00800089        0x0 h:/softwares/assaf/imt_sdk_win_64/imt_sdk_win_64/winavr/bin/../lib/gcc/avr/4.3.3/../../../../avr/lib/avr5\libc.a(memcpy.o)
 .data          0x00800089        0x0 h:/softwares/assaf/imt_sdk_win_64/imt_sdk_win_64/winavr/bin/../lib/gcc/avr/4.3.3/../../../../avr/lib/avr5\libc.a(memset.o)
 *(.data*)
 .data.SSD_Au8SSDCommonPin
                0x00800089        0x4 ./SSd_program.o
                0x00800089                SSD_Au8SSDCommonPin
 .data.SSD_Au8SSDPort
                0x0080008d        0x4 ./SSd_program.o
                0x0080008d                SSD_Au8SSDPort
 .data.Ssd_u8SsdIdArray
                0x00800091        0x1 ./SSd_program.o
                0x00800091                Ssd_u8SsdIdArray
 .data.Ssd_u8SsdDisplayArrayNormal
                0x00800092       0x10 ./SSd_program.o
                0x00800092                Ssd_u8SsdDisplayArrayNormal
 .data.Ssd_u8SsdDisplayArrayReverse
                0x008000a2        0xa ./SSd_program.o
                0x008000a2                Ssd_u8SsdDisplayArrayReverse
 *(.rodata)
 *(.rodata*)
 .rodata.xHeapStructSize
                0x008000ac        0x2 ./FreeRTOS/Source/portable/MemMang/heap_4.o
 *(.gnu.linkonce.d*)
                0x008000ae                . = ALIGN (0x2)
                0x008000ae                _edata = .
                0x008000ae                PROVIDE (__data_end, .)

.bss            0x008000ae      0x694
                0x008000ae                PROVIDE (__bss_start, .)
 *(.bss)
 .bss           0x008000ae        0x0 h:/softwares/assaf/imt_sdk_win_64/imt_sdk_win_64/winavr/bin/../lib/gcc/avr/4.3.3/../../../../avr/lib/avr5/crtm32.o
 .bss           0x008000ae        0x0 ./FreeRTOS/Source/portable/MemMang/heap_4.o
 .bss           0x008000ae        0x0 ./FreeRTOS/Source/portable/GCC/ATMega323/port.o
 .bss           0x008000ae        0x0 ./FreeRTOS/Source/croutine.o
 .bss           0x008000ae        0x0 ./FreeRTOS/Source/event_groups.o
 .bss           0x008000ae        0x0 ./FreeRTOS/Source/list.o
 .bss           0x008000ae        0x0 ./FreeRTOS/Source/queue.o
 .bss           0x008000ae        0x0 ./FreeRTOS/Source/stream_buffer.o
 .bss           0x008000ae        0x0 ./FreeRTOS/Source/tasks.o
 .bss           0x008000ae        0x0 ./FreeRTOS/Source/timers.o
 .bss           0x008000ae        0x0 ./DIO_program.o
 .bss           0x008000ae        0x0 ./SSd_program.o
 .bss           0x008000ae        0x0 ./main.o
 .bss           0x008000ae        0x0 h:/softwares/assaf/imt_sdk_win_64/imt_sdk_win_64/winavr/bin/../lib/gcc/avr/4.3.3/avr5\libgcc.a(_exit.o)
 .bss           0x008000ae        0x0 h:/softwares/assaf/imt_sdk_win_64/imt_sdk_win_64/winavr/bin/../lib/gcc/avr/4.3.3/avr5\libgcc.a(_copy_data.o)
 .bss           0x008000ae        0x0 h:/softwares/assaf/imt_sdk_win_64/imt_sdk_win_64/winavr/bin/../lib/gcc/avr/4.3.3/avr5\libgcc.a(_clear_bss.o)
 .bss           0x008000ae        0x0 h:/softwares/assaf/imt_sdk_win_64/imt_sdk_win_64/winavr/bin/../lib/gcc/avr/4.3.3/../../../../avr/lib/avr5\libc.a(memcpy.o)
 .bss           0x008000ae        0x0 h:/softwares/assaf/imt_sdk_win_64/imt_sdk_win_64/winavr/bin/../lib/gcc/avr/4.3.3/../../../../avr/lib/avr5\libc.a(memset.o)
 *(.bss*)
 .bss.pxEnd     0x008000ae        0x2 ./FreeRTOS/Source/portable/MemMang/heap_4.o
 .bss.xFreeBytesRemaining
                0x008000b0        0x2 ./FreeRTOS/Source/portable/MemMang/heap_4.o
 .bss.xMinimumEverFreeBytesRemaining
                0x008000b2        0x2 ./FreeRTOS/Source/portable/MemMang/heap_4.o
 .bss.xBlockAllocatedBit
                0x008000b4        0x2 ./FreeRTOS/Source/portable/MemMang/heap_4.o
 .bss.ucHeap    0x008000b6      0x5dc ./FreeRTOS/Source/portable/MemMang/heap_4.o
 .bss.xStart    0x00800692        0x4 ./FreeRTOS/Source/portable/MemMang/heap_4.o
 .bss.pxCurrentCoRoutine
                0x00800696        0x2 ./FreeRTOS/Source/croutine.o
                0x00800696                pxCurrentCoRoutine
 .bss.uxTopCoRoutineReadyPriority
                0x00800698        0x1 ./FreeRTOS/Source/croutine.o
 .bss.xCoRoutineTickCount
                0x00800699        0x2 ./FreeRTOS/Source/croutine.o
 .bss.xLastTickCount
                0x0080069b        0x2 ./FreeRTOS/Source/croutine.o
 .bss.xPassedTicks
                0x0080069d        0x2 ./FreeRTOS/Source/croutine.o
 .bss.pxReadyCoRoutineLists
                0x0080069f       0x12 ./FreeRTOS/Source/croutine.o
 .bss.xDelayedCoRoutineList1
                0x008006b1        0x9 ./FreeRTOS/Source/croutine.o
 .bss.xDelayedCoRoutineList2
                0x008006ba        0x9 ./FreeRTOS/Source/croutine.o
 .bss.pxDelayedCoRoutineList
                0x008006c3        0x2 ./FreeRTOS/Source/croutine.o
 .bss.pxOverflowDelayedCoRoutineList
                0x008006c5        0x2 ./FreeRTOS/Source/croutine.o
 .bss.xPendingReadyCoRoutineList
                0x008006c7        0x9 ./FreeRTOS/Source/croutine.o
 .bss.pxCurrentTCB
                0x008006d0        0x2 ./FreeRTOS/Source/tasks.o
                0x008006d0                pxCurrentTCB
 .bss.uxDeletedTasksWaitingCleanUp
                0x008006d2        0x1 ./FreeRTOS/Source/tasks.o
 .bss.uxCurrentNumberOfTasks
                0x008006d3        0x1 ./FreeRTOS/Source/tasks.o
 .bss.xTickCount
                0x008006d4        0x2 ./FreeRTOS/Source/tasks.o
 .bss.uxTopReadyPriority
                0x008006d6        0x1 ./FreeRTOS/Source/tasks.o
 .bss.xSchedulerRunning
                0x008006d7        0x1 ./FreeRTOS/Source/tasks.o
 .bss.uxPendedTicks
                0x008006d8        0x1 ./FreeRTOS/Source/tasks.o
 .bss.xYieldPending
                0x008006d9        0x1 ./FreeRTOS/Source/tasks.o
 .bss.xNumOfOverflows
                0x008006da        0x1 ./FreeRTOS/Source/tasks.o
 .bss.uxTaskNumber
                0x008006db        0x1 ./FreeRTOS/Source/tasks.o
 .bss.xNextTaskUnblockTime
                0x008006dc        0x2 ./FreeRTOS/Source/tasks.o
 .bss.xIdleTaskHandle
                0x008006de        0x2 ./FreeRTOS/Source/tasks.o
 .bss.uxSchedulerSuspended
                0x008006e0        0x1 ./FreeRTOS/Source/tasks.o
 .bss.pxReadyTasksLists
                0x008006e1       0x24 ./FreeRTOS/Source/tasks.o
 .bss.xDelayedTaskList1
                0x00800705        0x9 ./FreeRTOS/Source/tasks.o
 .bss.xDelayedTaskList2
                0x0080070e        0x9 ./FreeRTOS/Source/tasks.o
 .bss.pxDelayedTaskList
                0x00800717        0x2 ./FreeRTOS/Source/tasks.o
 .bss.pxOverflowDelayedTaskList
                0x00800719        0x2 ./FreeRTOS/Source/tasks.o
 .bss.xPendingReadyList
                0x0080071b        0x9 ./FreeRTOS/Source/tasks.o
 .bss.xTasksWaitingTermination
                0x00800724        0x9 ./FreeRTOS/Source/tasks.o
 .bss.xSuspendedTaskList
                0x0080072d        0x9 ./FreeRTOS/Source/tasks.o
 .bss.SSD_u8ASSDType
                0x00800736        0x4 ./SSd_program.o
                0x00800736                SSD_u8ASSDType
 .bss.mytask1Handle
                0x0080073a        0x2 ./main.o
                0x0080073a                mytask1Handle
 .bss.mytask2Handle
                0x0080073c        0x2 ./main.o
                0x0080073c                mytask2Handle
 .bss.mytask3Handle
                0x0080073e        0x2 ./main.o
                0x0080073e                mytask3Handle
 .bss.mytask4Handle
                0x00800740        0x2 ./main.o
                0x00800740                mytask4Handle
 *(COMMON)
                0x00800742                PROVIDE (__bss_end, .)
                0x000065b8                __data_load_start = LOADADDR (.data)
                0x00006606                __data_load_end = (__data_load_start + SIZEOF (.data))

.noinit         0x00800742        0x0
                0x00800742                PROVIDE (__noinit_start, .)
 *(.noinit*)
                0x00800742                PROVIDE (__noinit_end, .)
                0x00800742                _end = .
                0x00800742                PROVIDE (__heap_start, .)

.eeprom         0x00810000        0x0
 *(.eeprom*)
                0x00810000                __eeprom_end = .

.fuse
 *(.fuse)
 *(.lfuse)
 *(.hfuse)
 *(.efuse)

.lock
 *(.lock*)

.signature
 *(.signature*)

.stab           0x00000000     0xa0c8
 *(.stab)
 .stab          0x00000000      0xc0c ./FreeRTOS/Source/portable/MemMang/heap_4.o
 .stab          0x00000c0c      0x840 ./FreeRTOS/Source/portable/GCC/ATMega323/port.o
                                0xce4 (size before relaxing)
 .stab          0x0000144c      0x978 ./FreeRTOS/Source/croutine.o
                                0xcb4 (size before relaxing)
 .stab          0x00001dc4      0xc6c ./FreeRTOS/Source/event_groups.o
                               0x111c (size before relaxing)
 .stab          0x00002a30      0x474 ./FreeRTOS/Source/list.o
                                0x858 (size before relaxing)
 .stab          0x00002ea4     0x21f0 ./FreeRTOS/Source/queue.o
                               0x26dc (size before relaxing)
 .stab          0x00005094     0x1608 ./FreeRTOS/Source/stream_buffer.o
                               0x1a4c (size before relaxing)
 .stab          0x0000669c     0x27fc ./FreeRTOS/Source/tasks.o
                               0x2cdc (size before relaxing)
 .stab          0x00008e98      0x1a4 ./FreeRTOS/Source/timers.o
                                0x6b4 (size before relaxing)
 .stab          0x0000903c      0x888 ./DIO_program.o
                                0x894 (size before relaxing)
 .stab          0x000098c4      0x408 ./SSd_program.o
                                0x414 (size before relaxing)
 .stab          0x00009ccc      0x3fc ./main.o
                                0x924 (size before relaxing)

.stabstr        0x00000000     0x5a18
 *(.stabstr)
 .stabstr       0x00000000     0x5a18 ./FreeRTOS/Source/portable/MemMang/heap_4.o

.stab.excl
 *(.stab.excl)

.stab.exclstr
 *(.stab.exclstr)

.stab.index
 *(.stab.index)

.stab.indexstr
 *(.stab.indexstr)

.comment
 *(.comment)

.debug
 *(.debug)

.line
 *(.line)

.debug_srcinfo
 *(.debug_srcinfo)

.debug_sfnames
 *(.debug_sfnames)

.debug_aranges
 *(.debug_aranges)

.debug_pubnames
 *(.debug_pubnames)

.debug_info
 *(.debug_info)
 *(.gnu.linkonce.wi.*)

.debug_abbrev
 *(.debug_abbrev)

.debug_line
 *(.debug_line)

.debug_frame
 *(.debug_frame)

.debug_str
 *(.debug_str)

.debug_loc
 *(.debug_loc)

.debug_macinfo
 *(.debug_macinfo)
OUTPUT(FreeRtos.elf elf32-avr)
LOAD linker stubs
